Archive member included to satisfy reference by file (symbol)

d:/Apps/devkitPro/libgba/lib\libgba.a(console.o)
                              main.o (consoleDemoInit)
d:/Apps/devkitPro/libgba/lib\libgba.a(input.o)
                              controls.o (scanKeys)
d:/Apps/devkitPro/libgba/lib\libgba.a(interrupt.o)
                              main.o (irqInit)
d:/Apps/devkitPro/libgba/lib\libgba.a(InterruptDispatcher.o)
                              d:/Apps/devkitPro/libgba/lib\libgba.a(interrupt.o) (IntrMain)
d:/Apps/devkitPro/libgba/lib\libgba.a(amiga.fnt.o)
                              d:/Apps/devkitPro/libgba/lib\libgba.a(console.o) (amiga_fnt_size)
d:/Apps/devkitPro/libgba/lib\libgba.a(CpuSet.o)
                              d:/Apps/devkitPro/libgba/lib\libgba.a(console.o) (CpuFastSet)
d:/Apps/devkitPro/libgba/lib\libmm.a(mm_effect.o)
                              system.o (mmEffectEx)
d:/Apps/devkitPro/libgba/lib\libmm.a(mm_main.o)
                              d:/Apps/devkitPro/libgba/lib\libmm.a(mm_effect.o) (mpp_call_r1)
d:/Apps/devkitPro/libgba/lib\libmm.a(mm_mas_arm.o)
                              d:/Apps/devkitPro/libgba/lib\libmm.a(mm_effect.o) (mmAllocChannel)
d:/Apps/devkitPro/libgba/lib\libmm.a(mm_mas.o)
                              d:/Apps/devkitPro/libgba/lib\libmm.a(mm_main.o) (mmLayerMain)
d:/Apps/devkitPro/libgba/lib\libmm.a(mm_init_default.o)
                              main.o (mmInitDefault)
d:/Apps/devkitPro/libgba/lib\libmm.a(mm_mixer_gba.o)
                              main.o (mmVBlank)
d:/apps/devkitpro/devkitarm/bin/../lib/gcc/arm-none-eabi/5.3.0/thumb\libgcc.a(_call_via_rX.o)
                              d:/Apps/devkitPro/libgba/lib\libmm.a(mm_main.o) (_call_via_r1)
d:/apps/devkitpro/devkitarm/bin/../lib/gcc/arm-none-eabi/5.3.0/thumb\libgcc.a(_arm_addsubsf3.o)
                              system.o (__aeabi_fsub)
d:/apps/devkitpro/devkitarm/bin/../lib/gcc/arm-none-eabi/5.3.0/thumb\libgcc.a(_arm_muldivsf3.o)
                              system.o (__aeabi_fmul)
d:/apps/devkitpro/devkitarm/bin/../lib/gcc/arm-none-eabi/5.3.0/thumb\libgcc.a(_arm_fixsfsi.o)
                              system.o (__aeabi_f2iz)
d:/apps/devkitpro/devkitarm/bin/../lib/gcc/arm-none-eabi/5.3.0/../../../../arm-none-eabi/lib/thumb\libg.a(lib_a-impure.o)
                              d:/Apps/devkitPro/libgba/lib\libgba.a(console.o) (_impure_ptr)
d:/apps/devkitpro/devkitarm/bin/../lib/gcc/arm-none-eabi/5.3.0/../../../../arm-none-eabi/lib/thumb\libg.a(lib_a-init.o)
                              d:/apps/devkitpro/devkitarm/bin/../lib/gcc/arm-none-eabi/5.3.0/../../../../arm-none-eabi/lib/thumb/gba_crt0.o (__libc_init_array)
d:/apps/devkitpro/devkitarm/bin/../lib/gcc/arm-none-eabi/5.3.0/../../../../arm-none-eabi/lib/thumb\libg.a(lib_a-iprintf.o)
                              game.o (iprintf)
d:/apps/devkitpro/devkitarm/bin/../lib/gcc/arm-none-eabi/5.3.0/../../../../arm-none-eabi/lib/thumb\libg.a(lib_a-malloc.o)
                              d:/Apps/devkitPro/libgba/lib\libmm.a(mm_init_default.o) (malloc)
d:/apps/devkitpro/devkitarm/bin/../lib/gcc/arm-none-eabi/5.3.0/../../../../arm-none-eabi/lib/thumb\libg.a(lib_a-mallocr.o)
                              d:/apps/devkitpro/devkitarm/bin/../lib/gcc/arm-none-eabi/5.3.0/../../../../arm-none-eabi/lib/thumb\libg.a(lib_a-malloc.o) (_malloc_r)
d:/apps/devkitpro/devkitarm/bin/../lib/gcc/arm-none-eabi/5.3.0/../../../../arm-none-eabi/lib/thumb\libg.a(lib_a-memcpy.o)
                              game.o (memcpy)
d:/apps/devkitpro/devkitarm/bin/../lib/gcc/arm-none-eabi/5.3.0/../../../../arm-none-eabi/lib/thumb\libg.a(lib_a-mlock.o)
                              d:/apps/devkitpro/devkitarm/bin/../lib/gcc/arm-none-eabi/5.3.0/../../../../arm-none-eabi/lib/thumb\libg.a(lib_a-mallocr.o) (__malloc_lock)
d:/apps/devkitpro/devkitarm/bin/../lib/gcc/arm-none-eabi/5.3.0/../../../../arm-none-eabi/lib/thumb\libg.a(lib_a-setvbuf.o)
                              d:/Apps/devkitPro/libgba/lib\libgba.a(console.o) (setvbuf)
d:/apps/devkitpro/devkitarm/bin/../lib/gcc/arm-none-eabi/5.3.0/../../../../arm-none-eabi/lib/thumb\libg.a(lib_a-siscanf.o)
                              d:/Apps/devkitPro/libgba/lib\libgba.a(console.o) (siscanf)
d:/apps/devkitpro/devkitarm/bin/../lib/gcc/arm-none-eabi/5.3.0/../../../../arm-none-eabi/lib/thumb\libg.a(lib_a-stdio.o)
                              d:/apps/devkitpro/devkitarm/bin/../lib/gcc/arm-none-eabi/5.3.0/../../../../arm-none-eabi/lib/thumb\libg.a(lib_a-siscanf.o) (__seofread)
d:/apps/devkitpro/devkitarm/bin/../lib/gcc/arm-none-eabi/5.3.0/../../../../arm-none-eabi/lib/thumb\libg.a(lib_a-strlen.o)
                              d:/apps/devkitpro/devkitarm/bin/../lib/gcc/arm-none-eabi/5.3.0/../../../../arm-none-eabi/lib/thumb\libg.a(lib_a-siscanf.o) (strlen)
d:/apps/devkitpro/devkitarm/bin/../lib/gcc/arm-none-eabi/5.3.0/../../../../arm-none-eabi/lib/thumb\libg.a(lib_a-svfiscanf.o)
[...]
Memory Configuration

Name             Origin             Length             Attributes
rom              0x08000000         0x02000000
iwram            0x03000000         0x00008000
ewram            0x02000000         0x00040000
*default*        0x00000000         0xffffffff

Linker script and memory map

                0x08000000                __text_start = ORIGIN (rom)
                0x02040000                __eheap_end = (ORIGIN (ewram) + 0x40000)
                0x03000000                __iwram_start = ORIGIN (iwram)
                0x03008000                __iwram_top = (ORIGIN (iwram) + 0x8000)
                0x03007fa0                __sp_irq = (__iwram_top - 0x60)
                0x03007f00                __sp_usr = (__sp_irq - 0xa0)
                0x03007ff8                __irq_flags = 0x3007ff8
                0x08000000                . = __text_start

.init           0x08000000      0x21c
 *(.init)
 .init          0x08000000      0x210 d:/apps/devkitpro/devkitarm/bin/../lib/gcc/arm-none-eabi/5.3.0/../../../../arm-none-eabi/lib/thumb/gba_crt0.o
                0x08000000                _start
                0x080000c4                __boot_method
                0x080000c5                __slave_number
                0x080000e0                start_vector
 .init          0x08000210        0x4 d:/apps/devkitpro/devkitarm/bin/../lib/gcc/arm-none-eabi/5.3.0/thumb/crti.o
                0x08000210                _init
 .init          0x08000214        0x8 d:/apps/devkitpro/devkitarm/bin/../lib/gcc/arm-none-eabi/5.3.0/thumb/crtn.o
                0x0800021c                . = ALIGN (0x4)

.plt            0x0800021c        0x0
 *(.plt)
                0x0800021c                . = ALIGN (0x4)

.text           0x08000220    0x13350
 *(EXCLUDE_FILE(*.iwram*) .text)
 .text          0x08000220       0xd4 d:/apps/devkitpro/devkitarm/bin/../lib/gcc/arm-none-eabi/5.3.0/thumb/crtbegin.o
 .text          0x080002f4     0x1bb8 controls.o
                0x080002f4                heldKey
                0x08000358                keyUsed
 .text          0x08001eac      0x408 enemies.o
                0x08001eac                enemySetupMap
                0x08001f24                enemySetupBattle
 .text          0x080022b4     0x2adc game.o
                0x080022b4                drawSplash
                0x080023cc                drawMenu
                0x080024e4                drawDeadScreen
                0x080025c4                drawGameOver
                0x080027cc                drawPause
                0x08002940                drawExit
                0x08002a24                drawOptions
                0x08002b6c                drawMenuBG
                0x08002c88                drawMainMenu
                0x08003044                drawInventoryMenu
                0x080030e0                drawAbiliesMenu
                0x08003178                drawEquipmentMenu
                0x08003214                drawStatusMenu
                0x080032bc                drawPartyMenu
                0x08003318                drawOptionsMenu
                0x08003394                runGame
 .text          0x08004d90      0x224 playerstruct.o
                0x08004d90                playersetupBattle
                0x08004de8                itemSetup
                0x08004f10                playersetup
 .text          0x08004fb4       0x90 pointerstruct.o
                0x08004fb4                pointersFunc
 .text          0x08005044     0x3554 system.o
                0x08005044                setupFunction
                0x080051a8                myDisplay_function
                0x080051dc                mybg_function
                0x08005204                bgPalette_function
                0x08005228                objPalette_function
                0x0800524c                myChar_function
                0x080053cc                mySprite_function
                0x0800554c                myObj_function
                0x080055a8                draw_function
                0x0800561c                drawOtherfunction
                0x08005694                clear_function
                0x08005760                clearCharacters
                0x080059f0                clearObjects
                0x08005a34                getxPos
                0x08005a44                getyPos
                0x08005a54                enemyBattleSetup
                0x08005bd8                moveUp
                0x08005d50                moveLeft
                0x08005f9c                moveRight
                0x08006234                moveDown
                0x080064cc                playerStart
                0x08006510                enemyStart
                0x080065b0                enemyBattleStart
                0x0800667c                setupBattle
                0x0800668c                collision
                0x08006d28                borderCollision
                0x08006d94                enemyCollision
                0x08006e64                levelSelectFunction
                0x08006ebc                enemyNumberFunction
                0x08006ec4                battlePosFunction
                0x08007008                damageCalc
                0x08007050                statCheck
                0x08007130                levelCheck
                0x08007174                setPlayerStartStats
                0x080071bc                setupLevel
                0x0800757c                calcStats
                0x080075f4                calcDamDef
                0x08007630                playerClear
                0x0800763c                move_function
                0x0800768c                moveCheck
                0x08007708                displayEnemyHP
                0x080078a8                playSFX
                0x080078f8                runAnimation
 .text          0x08008598      0x118 asm.o
                0x08008598                add1Number
                0x080085a8                sub1Number
                0x080085b8                addNumber
                0x080085c6                subNumber
                0x080085d4                timer
                0x080085e2                addToTotal
                0x080085f2                subToTotal
                0x08008602                multiplyNumbers
                0x08008612                ifEqual
                0x08008628                ifNotEqual
                0x0800863e                forLoop
                0x08008658                addSprites
                0x08008672                ifAlive
                0x08008686                statMath
 .text          0x080086b0      0x628 d:/Apps/devkitPro/libgba/lib\libgba.a(console.o)
                0x080086b0                con_read
                0x080086b8                con_close
                0x080086c0                con_open
                0x080086dc                upcvt_4bit
                0x0800873c                consoleCls
                0x0800876c                consoleInit
                0x08008884                consolePrintChar
                0x0800896c                consoleDemoInit
                0x08008a88                con_write
 .text          0x08008cd8      0x140 d:/Apps/devkitPro/libgba/lib\libgba.a(input.o)
                0x08008cd8                setRepeat
                0x08008cec                scanKeys
                0x08008dc0                keysDownRepeat
                0x08008dd8                keysDown
                0x08008df0                keysUp
                0x08008e08                keysHeld
 .text          0x08008e18      0x2b8 d:/Apps/devkitPro/libgba/lib\libgba.a(interrupt.o)
                0x08008e18                dummy
                0x08008e1c                InitInterrupt
                0x08008e78                irqInit
                0x08008ed4                SetInterrupt
                0x08008f18                irqSet
                0x08008f5c                irqEnable
                0x08008fbc                irqDisable
                0x08009018                EnableInterrupt
                0x08009074                DisableInterrupt
 .text          0x080090d0        0x8 d:/Apps/devkitPro/libgba/lib\libgba.a(CpuSet.o)
                0x080090d0                CpuSet
                0x080090d4                CpuFastSet
 .text          0x080090d8      0x300 d:/Apps/devkitPro/libgba/lib\libmm.a(mm_effect.o)
                0x080090d8                mmResetEffects
                0x08009104                mmEffect
                0x0800911a                mmEffectEx
                0x08009238                mmEffectVolume
                0x08009254                mmEffectPanning
                0x08009268                mmEffectRate
                0x0800927c                mmEffectCancel
                0x080092b6                mmEffectRelease
                0x080092dc                mmEffectScaleRate
                0x080092f0                mmSetEffectsVolume
                0x080092fe                mmEffectCancelAll
                0x0800933e                mmUpdateEffects
 .text          0x080093d8      0x140 d:/Apps/devkitPro/libgba/lib\libmm.a(mm_main.o)
                0x080093d8                mpp_call_r7
                0x080093da                mpp_call_r1
                0x080093dc                mpp_call_r2
                0x080093de                mpp_call_r3
                0x080093e0                mmSetEventHandler
                0x080093e8                mmInit
                0x0800943c                mmSetVBlankHandler
                0x08009442                mmFrame
 .text          0x08009518     0x155c d:/Apps/devkitPro/libgba/lib\libmm.a(mm_mas.o)
                0x0800958c                mmStart
                0x080095ac                mmJingle
                0x080095b2                mmPlayModule
                0x0800967c                mmPause
                0x08009698                mmResume
                0x080096a8                mmActive
                0x080096ae                mmActiveSub
                0x080096b4                mmSetModuleVolume
                0x080096c4                mmSetJingleVolume
                0x08009700                mmPosition
                0x0800971a                mmSetModuleTempo
                0x0800974c                mmSetModulePitch
                0x0800978c                mmStop
                0x08009852                mppUpdateSub
                0x080099ae                mpp_Process_VolumeCommand
                0x08009be6                mpp_Process_Effect
                0x0800a334                ST3_FREQTABLE
                0x0800a754                IT_PitchTable
 .text          0x0800aa74       0x54 d:/Apps/devkitPro/libgba/lib\libmm.a(mm_init_default.o)
                0x0800aa74                mmInitDefault
 .text          0x0800aac8      0x1e0 d:/Apps/devkitPro/libgba/lib\libmm.a(mm_mixer_gba.o)
                0x0800aac8                mmMixerSetSource
                0x0800aadc                mmMixerSetRead
                0x0800aaea                mmMixerSetFreq
                0x0800aafa                mmMixerMulFreq
                0x0800ab0e                mmMixerStopChannel
                0x0800ab20                mmMixerChannelActive
                0x0800ab32                mmMixerSetVolume
                0x0800ab40                mmMixerSetPan
                0x0800ab4e                mmMixerInit
 .text          0x0800aca8       0x3c d:/apps/devkitpro/devkitarm/bin/../lib/gcc/arm-none-eabi/5.3.0/thumb\libgcc.a(_call_via_rX.o)
                0x0800aca8                _call_via_r0
                0x0800acac                _call_via_r1
                0x0800acb0                _call_via_r2
                0x0800acb4                _call_via_r3
                0x0800acb8                _call_via_r4
                0x0800acbc                _call_via_r5
                0x0800acc0                _call_via_r6
                0x0800acc4                _call_via_r7
                0x0800acc8                _call_via_r8
                0x0800accc                _call_via_r9
                0x0800acd0                _call_via_sl
                0x0800acd4                _call_via_fp
                0x0800acd8                _call_via_ip
                0x0800acdc                _call_via_sp
                0x0800ace0                _call_via_lr
 .text          0x0800ace4      0x2ac d:/apps/devkitpro/devkitarm/bin/../lib/gcc/arm-none-eabi/5.3.0/thumb\libgcc.a(_arm_addsubsf3.o)
                0x0800ace4                __aeabi_frsub
                0x0800acec                __subsf3
                0x0800acec                __aeabi_fsub
                0x0800acf0                __aeabi_fadd
                0x0800acf0                __addsf3
                0x0800aeac                __aeabi_ui2f
                0x0800aeac                __floatunsisf
                0x0800aeb4                __aeabi_i2f
                0x0800aeb4                __floatsisf
                0x0800aed4                __aeabi_ul2f
                0x0800aed4                __floatundisf
                0x0800aee4                __aeabi_l2f
                0x0800aee4                __floatdisf
 .text          0x0800af90      0x2f8 d:/apps/devkitpro/devkitarm/bin/../lib/gcc/arm-none-eabi/5.3.0/thumb\libgcc.a(_arm_muldivsf3.o)
                0x0800af90                __mulsf3
                0x0800af90                __aeabi_fmul
                0x0800b128                __aeabi_fdiv
                0x0800b128                __divsf3
 .text          0x0800b288       0x5c d:/apps/devkitpro/devkitarm/bin/../lib/gcc/arm-none-eabi/5.3.0/thumb\libgcc.a(_arm_fixsfsi.o)
                0x0800b288                __aeabi_f2iz
                0x0800b288                __fixsfsi
 .text          0x0800b2e4      0x224 d:/apps/devkitpro/devkitarm/bin/../lib/gcc/arm-none-eabi/5.3.0/../../../../arm-none-eabi/lib/thumb\libg.a(lib_a-strcmp.o)
                0x0800b2e4                strcmp
 .text          0x0800b508      0x160 d:/apps/devkitpro/devkitarm/bin/../lib/gcc/arm-none-eabi/5.3.0/../../../../arm-none-eabi/lib/thumb\libsysbase.a(iosupport.o)
                0x0800b50c                setDefaultDevice
                0x0800b51c                FindDevice
                0x0800b5a8                RemoveDevice
                0x0800b5cc                AddDevice
                0x0800b648                GetDeviceOpTab
 .text          0x0800b668       0x54 d:/apps/devkitpro/devkitarm/bin/../lib/gcc/arm-none-eabi/5.3.0/../../../../arm-none-eabi/lib/thumb\libsysbase.a(close.o)
                0x0800b668                _close_r
 .text          0x0800b6bc       0x44 d:/apps/devkitpro/devkitarm/bin/../lib/gcc/arm-none-eabi/5.3.0/../../../../arm-none-eabi/lib/thumb\libsysbase.a(fstat.o)
                0x0800b6bc                _fstat_r
 .text          0x0800b700        0x4 d:/apps/devkitpro/devkitarm/bin/../lib/gcc/arm-none-eabi/5.3.0/../../../../arm-none-eabi/lib/thumb\libsysbase.a(isatty.o)
                0x0800b700                _isatty_r
 .text          0x0800b704       0x48 d:/apps/devkitpro/devkitarm/bin/../lib/gcc/arm-none-eabi/5.3.0/../../../../arm-none-eabi/lib/thumb\libsysbase.a(lseek.o)
                0x0800b704                _lseek_r
 .text          0x0800b74c       0x48 d:/apps/devkitpro/devkitarm/bin/../lib/gcc/arm-none-eabi/5.3.0/../../../../arm-none-eabi/lib/thumb\libsysbase.a(read.o)
                0x0800b74c                _read_r
 .text          0x0800b794       0x54 d:/apps/devkitpro/devkitarm/bin/../lib/gcc/arm-none-eabi/5.3.0/../../../../arm-none-eabi/lib/thumb\libsysbase.a(sbrk.o)
                0x0800b794                _sbrk_r
 .text          0x0800b7e8       0x48 d:/apps/devkitpro/devkitarm/bin/../lib/gcc/arm-none-eabi/5.3.0/../../../../arm-none-eabi/lib/thumb\libsysbase.a(write.o)
                0x0800b7e8                _write_r
 .text          0x0800b830       0x20 d:/apps/devkitpro/devkitarm/bin/../lib/gcc/arm-none-eabi/5.3.0/../../../../arm-none-eabi/lib/thumb\libsysbase.a(flock.o)
                0x0800b830                __flockfile
                0x0800b840                __funlockfile
 .text          0x0800b850      0x104 d:/apps/devkitpro/devkitarm/bin/../lib/gcc/arm-none-eabi/5.3.0/../../../../arm-none-eabi/lib/thumb\libsysbase.a(syscall_support.o)
                0x0800b850                __libc_lock_init
                0x0800b868                __libc_lock_acquire
                0x0800b880                __libc_lock_try_acquire
                0x0800b8a0                __libc_lock_release
                0x0800b8b8                __libc_lock_close
                0x0800b8d0                __libc_lock_init_recursive
                0x0800b8e8                __libc_lock_acquire_recursive
                0x0800b900                __libc_lock_try_acquire_recursive
                0x0800b920                __libc_lock_release_recursive
                0x0800b938                __libc_lock_close_recursive
 .text          0x0800b954      0x204 d:/apps/devkitpro/devkitarm/bin/../lib/gcc/arm-none-eabi/5.3.0/../../../../arm-none-eabi/lib/thumb\libsysbase.a(handle_manager.o)
                0x0800b954                __free_handle
                0x0800b98c                __release_handle
                0x0800b9c4                __alloc_handle
                0x0800ba1c                __get_handle
                0x0800ba38                dup
                0x0800baac                dup2
 .text          0x0800bb58       0x28 d:/apps/devkitpro/devkitarm/bin/../lib/gcc/arm-none-eabi/5.3.0/../../../../arm-none-eabi/lib/thumb\libsysbase.a(getreent.o)
                0x0800bb58                __getreent
 .text          0x0800bb80      0x11c d:/apps/devkitpro/devkitarm/bin/../lib/gcc/arm-none-eabi/5.3.0/thumb\libgcc.a(_udivsi3.o)
                0x0800bb80                __aeabi_uidiv
                0x0800bb80                __udivsi3
                0x0800bc7c                __aeabi_uidivmod
 .text          0x0800bc9c      0x150 d:/apps/devkitpro/devkitarm/bin/../lib/gcc/arm-none-eabi/5.3.0/thumb\libgcc.a(_divsi3.o)
                0x0800bc9c                __divsi3
                0x0800bc9c                __aeabi_idiv
                0x0800bdcc                __aeabi_idivmod
 .text          0x0800bdec        0x4 d:/apps/devkitpro/devkitarm/bin/../lib/gcc/arm-none-eabi/5.3.0/thumb\libgcc.a(_dvmd_tls.o)
                0x0800bdec                __aeabi_idiv0
                0x0800bdec                __aeabi_ldiv0
 .text          0x0800bdf0       0x3c d:/apps/devkitpro/devkitarm/bin/../lib/gcc/arm-none-eabi/5.3.0/thumb\libgcc.a(_aeabi_uldivmod.o)
                0x0800bdf0                __aeabi_uldivmod
 .text          0x0800be2c       0x60 d:/apps/devkitpro/devkitarm/bin/../lib/gcc/arm-none-eabi/5.3.0/thumb\libgcc.a(_muldi3.o)
                0x0800be2c                __muldi3
                0x0800be2c                __aeabi_lmul
 .text          0x0800be8c      0x184 d:/apps/devkitpro/devkitarm/bin/../lib/gcc/arm-none-eabi/5.3.0/thumb\libgcc.a(_udivmoddi4.o)
                0x0800be8c                __udivmoddi4
 .text          0x0800c010       0x28 d:/apps/devkitpro/devkitarm/bin/../lib/gcc/arm-none-eabi/5.3.0/thumb\libgcc.a(_clzdi2.o)
                0x0800c010                __clzdi2
 .text          0x0800c038       0x48 d:/apps/devkitpro/devkitarm/bin/../lib/gcc/arm-none-eabi/5.3.0/thumb\libgcc.a(_clzsi2.o)
                0x0800c038                __clzsi2
 *(.text .stub .text.* .gnu.linkonce.t.*)
 .text.startup  0x0800c080       0x90 main.o
                0x0800c080                main
 .text.__libc_init_array
                0x0800c110       0x58 d:/apps/devkitpro/devkitarm/bin/../lib/gcc/arm-none-eabi/5.3.0/../../../../arm-none-eabi/lib/thumb\libg.a(lib_a-init.o)
                0x0800c110                __libc_init_array
 .text.iprintf  0x0800c168       0x24 d:/apps/devkitpro/devkitarm/bin/../lib/gcc/arm-none-eabi/5.3.0/../../../../arm-none-eabi/lib/thumb\libg.a(lib_a-iprintf.o)
                0x0800c168                iprintf
 .text.malloc   0x0800c18c       0x14 d:/apps/devkitpro/devkitarm/bin/../lib/gcc/arm-none-eabi/5.3.0/../../../../arm-none-eabi/lib/thumb\libg.a(lib_a-malloc.o)
                0x0800c18c                malloc
 .text.free     0x0800c1a0       0x14 d:/apps/devkitpro/devkitarm/bin/../lib/gcc/arm-none-eabi/5.3.0/../../../../arm-none-eabi/lib/thumb\libg.a(lib_a-malloc.o)
                0x0800c1a0                free
 .text._malloc_r
                0x0800c1b4      0x564 d:/apps/devkitpro/devkitarm/bin/../lib/gcc/arm-none-eabi/5.3.0/../../../../arm-none-eabi/lib/thumb\libg.a(lib_a-mallocr.o)
                0x0800c1b4                _malloc_r
 .text.memcpy   0x0800c718       0x80 d:/apps/devkitpro/devkitarm/bin/../lib/gcc/arm-none-eabi/5.3.0/../../../../arm-none-eabi/lib/thumb\libg.a(lib_a-memcpy.o)
                0x0800c718                memcpy
 .text.__malloc_lock
                0x0800c798       0x14 d:/apps/devkitpro/devkitarm/bin/../lib/gcc/arm-none-eabi/5.3.0/../../../../arm-none-eabi/lib/thumb\libg.a(lib_a-mlock.o)
                0x0800c798                __malloc_lock
 .text.__malloc_unlock
                0x0800c7ac       0x14 d:/apps/devkitpro/devkitarm/bin/../lib/gcc/arm-none-eabi/5.3.0/../../../../arm-none-eabi/lib/thumb\libg.a(lib_a-mlock.o)
                0x0800c7ac                __malloc_unlock
 .text.setvbuf  0x0800c7c0      0x148 d:/apps/devkitpro/devkitarm/bin/../lib/gcc/arm-none-eabi/5.3.0/../../../../arm-none-eabi/lib/thumb\libg.a(lib_a-setvbuf.o)
                0x0800c7c0                setvbuf
 .text.siscanf  0x0800c908       0x4c d:/apps/devkitpro/devkitarm/bin/../lib/gcc/arm-none-eabi/5.3.0/../../../../arm-none-eabi/lib/thumb\libg.a(lib_a-siscanf.o)
                0x0800c908                siscanf
 .text.__sread  0x0800c954       0x2c d:/apps/devkitpro/devkitarm/bin/../lib/gcc/arm-none-eabi/5.3.0/../../../../arm-none-eabi/lib/thumb\libg.a(lib_a-stdio.o)
                0x0800c954                __sread
 .text.__seofread
                0x0800c980        0x4 d:/apps/devkitpro/devkitarm/bin/../lib/gcc/arm-none-eabi/5.3.0/../../../../arm-none-eabi/lib/thumb\libg.a(lib_a-stdio.o)
                0x0800c980                __seofread
 .text.__swrite
                0x0800c984       0x3c d:/apps/devkitpro/devkitarm/bin/../lib/gcc/arm-none-eabi/5.3.0/../../../../arm-none-eabi/lib/thumb\libg.a(lib_a-stdio.o)
                0x0800c984                __swrite
 .text.__sseek  0x0800c9c0       0x30 d:/apps/devkitpro/devkitarm/bin/../lib/gcc/arm-none-eabi/5.3.0/../../../../arm-none-eabi/lib/thumb\libg.a(lib_a-stdio.o)
                0x0800c9c0                __sseek
 .text.__sclose
                0x0800c9f0       0x10 d:/apps/devkitpro/devkitarm/bin/../lib/gcc/arm-none-eabi/5.3.0/../../../../arm-none-eabi/lib/thumb\libg.a(lib_a-stdio.o)
                0x0800c9f0                __sclose
 .text.strlen   0x0800ca00       0x6c d:/apps/devkitpro/devkitarm/bin/../lib/gcc/arm-none-eabi/5.3.0/../../../../arm-none-eabi/lib/thumb\libg.a(lib_a-strlen.o)
                0x0800ca00                strlen
 .text._sungetc_r
                0x0800ca6c       0x8c d:/apps/devkitpro/devkitarm/bin/../lib/gcc/arm-none-eabi/5.3.0/../../../../arm-none-eabi/lib/thumb\libg.a(lib_a-svfiscanf.o)
                0x0800ca6c                _sungetc_r
 .text.__ssrefill_r
                0x0800caf8       0x44 d:/apps/devkitpro/devkitarm/bin/../lib/gcc/arm-none-eabi/5.3.0/../../../../arm-none-eabi/lib/thumb\libg.a(lib_a-svfiscanf.o)
                0x0800caf8                __ssrefill_r
 .text._sfread_r
                0x0800cb3c       0x90 d:/apps/devkitpro/devkitarm/bin/../lib/gcc/arm-none-eabi/5.3.0/../../../../arm-none-eabi/lib/thumb\libg.a(lib_a-svfiscanf.o)
                0x0800cb3c                _sfread_r
 .text.__ssvfiscanf_r
                0x0800cbcc     0x1498 d:/apps/devkitpro/devkitarm/bin/../lib/gcc/arm-none-eabi/5.3.0/../../../../arm-none-eabi/lib/thumb\libg.a(lib_a-svfiscanf.o)
                0x0800cbcc                __ssvfiscanf_r
 .text.__submore
                0x0800e064       0x88 d:/apps/devkitpro/devkitarm/bin/../lib/gcc/arm-none-eabi/5.3.0/../../../../arm-none-eabi/lib/thumb\libg.a(lib_a-ungetc.o)
                0x0800e064                __submore
 .text.get_arg  0x0800e0ec      0xcb0 d:/apps/devkitpro/devkitarm/bin/../lib/gcc/arm-none-eabi/5.3.0/../../../../arm-none-eabi/lib/thumb\libg.a(lib_a-vfiprintf.o)
 .text.__sprint_r.part.0
                0x0800ed9c       0x80 d:/apps/devkitpro/devkitarm/bin/../lib/gcc/arm-none-eabi/5.3.0/../../../../arm-none-eabi/lib/thumb\libg.a(lib_a-vfiprintf.o)
 .text._vfiprintf_r
                0x0800ee1c     0x2240 d:/apps/devkitpro/devkitarm/bin/../lib/gcc/arm-none-eabi/5.3.0/../../../../arm-none-eabi/lib/thumb\libg.a(lib_a-vfiprintf.o)
                0x0800ee1c                _vfiprintf_r
 .text.__sbprintf
                0x0801105c       0x8c d:/apps/devkitpro/devkitarm/bin/../lib/gcc/arm-none-eabi/5.3.0/../../../../arm-none-eabi/lib/thumb\libg.a(lib_a-vfiprintf.o)
 .text._wcrtomb_r
                0x080110e8       0x6c d:/apps/devkitpro/devkitarm/bin/../lib/gcc/arm-none-eabi/5.3.0/../../../../arm-none-eabi/lib/thumb\libg.a(lib_a-wcrtomb.o)
                0x080110e8                _wcrtomb_r
 .text._wcsrtombs_r
                0x08011154       0x1c d:/apps/devkitpro/devkitarm/bin/../lib/gcc/arm-none-eabi/5.3.0/../../../../arm-none-eabi/lib/thumb\libg.a(lib_a-wcsrtombs.o)
                0x08011154                _wcsrtombs_r
 .text.__utf8_wctomb
                0x08011170       0xbc d:/apps/devkitpro/devkitarm/bin/../lib/gcc/arm-none-eabi/5.3.0/../../../../arm-none-eabi/lib/thumb\libg.a(lib_a-wctomb_r.o)
                0x08011170                __utf8_wctomb
 .text.__swsetup_r
                0x0801122c       0xcc d:/apps/devkitpro/devkitarm/bin/../lib/gcc/arm-none-eabi/5.3.0/../../../../arm-none-eabi/lib/thumb\libg.a(lib_a-wsetup.o)
                0x0801122c                __swsetup_r
 .text.__sflush_r
                0x080112f8      0x158 d:/apps/devkitpro/devkitarm/bin/../lib/gcc/arm-none-eabi/5.3.0/../../../../arm-none-eabi/lib/thumb\libg.a(lib_a-fflush.o)
                0x080112f8                __sflush_r
 .text._fflush_r
                0x08011450       0x58 d:/apps/devkitpro/devkitarm/bin/../lib/gcc/arm-none-eabi/5.3.0/../../../../arm-none-eabi/lib/thumb\libg.a(lib_a-fflush.o)
                0x08011450                _fflush_r
 .text._cleanup_r
                0x080114a8       0x14 d:/apps/devkitpro/devkitarm/bin/../lib/gcc/arm-none-eabi/5.3.0/../../../../arm-none-eabi/lib/thumb\libg.a(lib_a-findfp.o)
                0x080114a8                _cleanup_r
 .text.std.isra.0
                0x080114bc       0x54 d:/apps/devkitpro/devkitarm/bin/../lib/gcc/arm-none-eabi/5.3.0/../../../../arm-none-eabi/lib/thumb\libg.a(lib_a-findfp.o)
 .text.__sinit  0x08011510       0x64 d:/apps/devkitpro/devkitarm/bin/../lib/gcc/arm-none-eabi/5.3.0/../../../../arm-none-eabi/lib/thumb\libg.a(lib_a-findfp.o)
                0x08011510                __sinit
 .text.__sfp_lock_acquire
                0x08011574       0x14 d:/apps/devkitpro/devkitarm/bin/../lib/gcc/arm-none-eabi/5.3.0/../../../../arm-none-eabi/lib/thumb\libg.a(lib_a-findfp.o)
                0x08011574                __sfp_lock_acquire
 .text.__sfp_lock_release
                0x08011588       0x14 d:/apps/devkitpro/devkitarm/bin/../lib/gcc/arm-none-eabi/5.3.0/../../../../arm-none-eabi/lib/thumb\libg.a(lib_a-findfp.o)
                0x08011588                __sfp_lock_release
 .text.__fputwc
                0x0801159c       0xc0 d:/apps/devkitpro/devkitarm/bin/../lib/gcc/arm-none-eabi/5.3.0/../../../../arm-none-eabi/lib/thumb\libg.a(lib_a-fputwc.o)
                0x0801159c                __fputwc
 .text._fputwc_r
                0x0801165c       0x5c d:/apps/devkitpro/devkitarm/bin/../lib/gcc/arm-none-eabi/5.3.0/../../../../arm-none-eabi/lib/thumb\libg.a(lib_a-fputwc.o)
                0x0801165c                _fputwc_r
 .text._malloc_trim_r
                0x080116b8       0xa4 d:/apps/devkitpro/devkitarm/bin/../lib/gcc/arm-none-eabi/5.3.0/../../../../arm-none-eabi/lib/thumb\libg.a(lib_a-freer.o)
                0x080116b8                _malloc_trim_r
 .text._free_r  0x0801175c      0x1c8 d:/apps/devkitpro/devkitarm/bin/../lib/gcc/arm-none-eabi/5.3.0/../../../../arm-none-eabi/lib/thumb\libg.a(lib_a-freer.o)
                0x0801175c                _free_r
 .text.__sfvwrite_r
                0x08011924      0x340 d:/apps/devkitpro/devkitarm/bin/../lib/gcc/arm-none-eabi/5.3.0/../../../../arm-none-eabi/lib/thumb\libg.a(lib_a-fvwrite.o)
                0x08011924                __sfvwrite_r
 .text._fwalk_reent
                0x08011c64       0x54 d:/apps/devkitpro/devkitarm/bin/../lib/gcc/arm-none-eabi/5.3.0/../../../../arm-none-eabi/lib/thumb\libg.a(lib_a-fwalk.o)
                0x08011c64                _fwalk_reent
 .text.iswspace
                0x08011cb8       0x78 d:/apps/devkitpro/devkitarm/bin/../lib/gcc/arm-none-eabi/5.3.0/../../../../arm-none-eabi/lib/thumb\libg.a(lib_a-iswspace.o)
                0x08011cb8                iswspace
 .text.__jp2uc  0x08011d30      0x188 d:/apps/devkitpro/devkitarm/bin/../lib/gcc/arm-none-eabi/5.3.0/../../../../arm-none-eabi/lib/thumb\libg.a(lib_a-jp2uc.o)
 .text._jp2uc   0x08011eb8       0x64 d:/apps/devkitpro/devkitarm/bin/../lib/gcc/arm-none-eabi/5.3.0/../../../../arm-none-eabi/lib/thumb\libg.a(lib_a-jp2uc.o)
                0x08011eb8                _jp2uc
 .text.__locale_charset
                0x08011f1c        0x8 d:/apps/devkitpro/devkitarm/bin/../lib/gcc/arm-none-eabi/5.3.0/../../../../arm-none-eabi/lib/thumb\libg.a(lib_a-locale.o)
                0x08011f1c                __locale_charset
 .text.__locale_mb_cur_max
                0x08011f24        0xc d:/apps/devkitpro/devkitarm/bin/../lib/gcc/arm-none-eabi/5.3.0/../../../../arm-none-eabi/lib/thumb\libg.a(lib_a-locale.o)
                0x08011f24                __locale_mb_cur_max
 .text._localeconv_r
                0x08011f30        0x8 d:/apps/devkitpro/devkitarm/bin/../lib/gcc/arm-none-eabi/5.3.0/../../../../arm-none-eabi/lib/thumb\libg.a(lib_a-locale.o)
                0x08011f30                _localeconv_r
 .text.__smakebuf_r
                0x08011f38       0xf4 d:/apps/devkitpro/devkitarm/bin/../lib/gcc/arm-none-eabi/5.3.0/../../../../arm-none-eabi/lib/thumb\libg.a(lib_a-makebuf.o)
                0x08011f38                __smakebuf_r
 .text._mbrtowc_r
                0x0801202c       0x7c d:/apps/devkitpro/devkitarm/bin/../lib/gcc/arm-none-eabi/5.3.0/../../../../arm-none-eabi/lib/thumb\libg.a(lib_a-mbrtowc.o)
                0x0801202c                _mbrtowc_r
 .text.__utf8_mbtowc
                0x080120a8      0x2cc d:/apps/devkitpro/devkitarm/bin/../lib/gcc/arm-none-eabi/5.3.0/../../../../arm-none-eabi/lib/thumb\libg.a(lib_a-mbtowc_r.o)
                0x080120a8                __utf8_mbtowc
 .text.memchr   0x08012374       0x90 d:/apps/devkitpro/devkitarm/bin/../lib/gcc/arm-none-eabi/5.3.0/../../../../arm-none-eabi/lib/thumb\libg.a(lib_a-memchr.o)
                0x08012374                memchr
 .text.memmove  0x08012404       0x9c d:/apps/devkitpro/devkitarm/bin/../lib/gcc/arm-none-eabi/5.3.0/../../../../arm-none-eabi/lib/thumb\libg.a(lib_a-memmove.o)
                0x08012404                memmove
 .text.memset   0x080124a0       0x94 d:/apps/devkitpro/devkitarm/bin/../lib/gcc/arm-none-eabi/5.3.0/../../../../arm-none-eabi/lib/thumb\libg.a(lib_a-memset.o)
                0x080124a0                memset
 .text._realloc_r
                0x08012534      0x3ec d:/apps/devkitpro/devkitarm/bin/../lib/gcc/arm-none-eabi/5.3.0/../../../../arm-none-eabi/lib/thumb\libg.a(lib_a-reallocr.o)
                0x08012534                _realloc_r
 .text.__sccl   0x08012920       0x7c d:/apps/devkitpro/devkitarm/bin/../lib/gcc/arm-none-eabi/5.3.0/../../../../arm-none-eabi/lib/thumb\libg.a(lib_a-sccl.o)
                0x08012920                __sccl
 .text.strchr   0x0801299c       0xdc d:/apps/devkitpro/devkitarm/bin/../lib/gcc/arm-none-eabi/5.3.0/../../../../arm-none-eabi/lib/thumb\libg.a(lib_a-strchr.o)
                0x0801299c                strchr
 .text.strncmp  0x08012a78       0x94 d:/apps/devkitpro/devkitarm/bin/../lib/gcc/arm-none-eabi/5.3.0/../../../../arm-none-eabi/lib/thumb\libg.a(lib_a-strncmp.o)
                0x08012a78                strncmp
 .text.strncpy  0x08012b0c       0x7c d:/apps/devkitpro/devkitarm/bin/../lib/gcc/arm-none-eabi/5.3.0/../../../../arm-none-eabi/lib/thumb\libg.a(lib_a-strncpy.o)
                0x08012b0c                strncpy
 .text._strtoll_r
                0x08012b88      0x1e8 d:/apps/devkitpro/devkitarm/bin/../lib/gcc/arm-none-eabi/5.3.0/../../../../arm-none-eabi/lib/thumb\libg.a(lib_a-strtoll_r.o)
                0x08012b88                _strtoll_r
 .text._strtol_r
                0x08012d70      0x178 d:/apps/devkitpro/devkitarm/bin/../lib/gcc/arm-none-eabi/5.3.0/../../../../arm-none-eabi/lib/thumb\libg.a(lib_a-strtol.o)
                0x08012d70                _strtol_r
 .text._strtoull_r
                0x08012ee8      0x1ec d:/apps/devkitpro/devkitarm/bin/../lib/gcc/arm-none-eabi/5.3.0/../../../../arm-none-eabi/lib/thumb\libg.a(lib_a-strtoull_r.o)
                0x08012ee8                _strtoull_r
 .text._strtoul_r
                0x080130d4      0x17c d:/apps/devkitpro/devkitarm/bin/../lib/gcc/arm-none-eabi/5.3.0/../../../../arm-none-eabi/lib/thumb\libg.a(lib_a-strtoul.o)
                0x080130d4                _strtoul_r
 .text.__swbuf_r
                0x08013250       0xb8 d:/apps/devkitpro/devkitarm/bin/../lib/gcc/arm-none-eabi/5.3.0/../../../../arm-none-eabi/lib/thumb\libg.a(lib_a-wbuf.o)
                0x08013250                __swbuf_r
 .text._wcsnrtombs_r
                0x08013308      0x118 d:/apps/devkitpro/devkitarm/bin/../lib/gcc/arm-none-eabi/5.3.0/../../../../arm-none-eabi/lib/thumb\libg.a(lib_a-wcsnrtombs.o)
                0x08013308                _wcsnrtombs_r
 .text._fclose_r
                0x08013420       0xb4 d:/apps/devkitpro/devkitarm/bin/../lib/gcc/arm-none-eabi/5.3.0/../../../../arm-none-eabi/lib/thumb\libg.a(lib_a-fclose.o)
                0x08013420                _fclose_r
 .text.__errno  0x080134d4        0xc d:/apps/devkitpro/devkitarm/bin/../lib/gcc/arm-none-eabi/5.3.0/../../../../arm-none-eabi/lib/thumb\libg.a(lib_a-errno.o)
                0x080134d4                __errno
 .text.__errno.__stub
                0x080134e0       0x84 linker stubs
 *(.text.*personality*)
 *(.gnu.warning)
 *(.glue_7t)
 .glue_7t       0x08013570        0x0 linker stubs
 *(.glue_7)
 .glue_7        0x08013570        0x0 linker stubs
 *(.vfp11_veneer)
 .vfp11_veneer  0x08013570        0x0 linker stubs
                0x08013570                . = ALIGN (0x4)
                0x08013570                __text_end = .

.v4_bx          0x08013570        0x0
 .v4_bx         0x08013570        0x0 linker stubs

.iplt           0x08013570        0x0
 .iplt          0x08013570        0x0 d:/apps/devkitpro/devkitarm/bin/../lib/gcc/arm-none-eabi/5.3.0/../../../../arm-none-eabi/lib/thumb/gba_crt0.o

.fini           0x08013570        0xc
 *(.fini)
 .fini          0x08013570        0x4 d:/apps/devkitpro/devkitarm/bin/../lib/gcc/arm-none-eabi/5.3.0/thumb/crti.o
                0x08013570                _fini
 .fini          0x08013574        0x8 d:/apps/devkitpro/devkitarm/bin/../lib/gcc/arm-none-eabi/5.3.0/thumb/crtn.o
                0x0801357c                . = ALIGN (0x4)

.rodata         0x0801357c    0x90888
 *(.rodata)
 .rodata        0x0801357c    0x89540 soundbank.o
                0x0801357c                soundbank_bin
                0x0809cab8                soundbank_bin_size
                0x0809cab8                soundbank_bin_end
 .rodata        0x0809cabc     0x2024 system.o
                0x0809cabc                spriteData
 .rodata        0x0809eae0      0x18c d:/Apps/devkitPro/libgba/lib\libgba.a(console.o)
                0x0809ebb4                dotab_stdout
                0x0809ec10                dotab_stderr
 .rodata        0x0809ec6c      0x804 d:/Apps/devkitPro/libgba/lib\libgba.a(amiga.fnt.o)
                0x0809ec6c                amiga_fnt
                0x0809f46c                amiga_fnt_size
                0x0809f46c                amiga_fnt_end
 .rodata        0x0809f470       0x68 d:/apps/devkitpro/devkitarm/bin/../lib/gcc/arm-none-eabi/5.3.0/../../../../arm-none-eabi/lib/thumb\libsysbase.a(iosupport.o)
                0x0809f470                dotab_stdnull
 *all.rodata*(*)
 *(.roda)
 *(.rodata.*)
 .rodata.str1.4
                0x0809f4d8      0x174 game.o
 .rodata.str1.4
                0x0809f64c       0x50 playerstruct.o
 .rodata.str1.4
                0x0809f69c       0x23 system.o
                                 0x24 (size before relaxing)
 *fill*         0x0809f6bf        0x1 ff
 .rodata.str1.4
                0x0809f6c0       0x2c d:/Apps/devkitPro/libgba/lib\libgba.a(console.o)
 .rodata.str1.4
                0x0809f6ec        0x2 d:/apps/devkitpro/devkitarm/bin/../lib/gcc/arm-none-eabi/5.3.0/../../../../arm-none-eabi/lib/thumb\libg.a(lib_a-impure.o)
                                  0x4 (size before relaxing)
 *fill*         0x0809f6ee        0x2 ff
 .rodata.__ssvfiscanf_r
                0x0809f6f0      0x324 d:/apps/devkitpro/devkitarm/bin/../lib/gcc/arm-none-eabi/5.3.0/../../../../arm-none-eabi/lib/thumb\libg.a(lib_a-svfiscanf.o)
 .rodata.basefix.6493
                0x0809fa14       0x24 d:/apps/devkitpro/devkitarm/bin/../lib/gcc/arm-none-eabi/5.3.0/../../../../arm-none-eabi/lib/thumb\libg.a(lib_a-svfiscanf.o)
 .rodata.get_arg
                0x0809fa38      0x914 d:/apps/devkitpro/devkitarm/bin/../lib/gcc/arm-none-eabi/5.3.0/../../../../arm-none-eabi/lib/thumb\libg.a(lib_a-vfiprintf.o)
 .rodata._vfiprintf_r
                0x080a034c      0x16c d:/apps/devkitpro/devkitarm/bin/../lib/gcc/arm-none-eabi/5.3.0/../../../../arm-none-eabi/lib/thumb\libg.a(lib_a-vfiprintf.o)
 .rodata.blanks.7113
                0x080a04b8       0x10 d:/apps/devkitpro/devkitarm/bin/../lib/gcc/arm-none-eabi/5.3.0/../../../../arm-none-eabi/lib/thumb\libg.a(lib_a-vfiprintf.o)
 .rodata.str1.4
                0x080a04c8       0x2f d:/apps/devkitpro/devkitarm/bin/../lib/gcc/arm-none-eabi/5.3.0/../../../../arm-none-eabi/lib/thumb\libg.a(lib_a-vfiprintf.o)
                                 0x30 (size before relaxing)
 *fill*         0x080a04f7        0x1 ff
 .rodata.zeroes.7114
                0x080a04f8       0x10 d:/apps/devkitpro/devkitarm/bin/../lib/gcc/arm-none-eabi/5.3.0/../../../../arm-none-eabi/lib/thumb\libg.a(lib_a-vfiprintf.o)
 .rodata._ctype_
                0x080a0508      0x104 d:/apps/devkitpro/devkitarm/bin/../lib/gcc/arm-none-eabi/5.3.0/../../../../arm-none-eabi/lib/thumb\libg.a(lib_a-ctype_.o)
                0x080a0508                _ctype_
 .rodata.__jp2uc
                0x080a060c       0x20 d:/apps/devkitpro/devkitarm/bin/../lib/gcc/arm-none-eabi/5.3.0/../../../../arm-none-eabi/lib/thumb\libg.a(lib_a-jp2uc.o)
 .rodata.a1     0x080a062c       0xbc d:/apps/devkitpro/devkitarm/bin/../lib/gcc/arm-none-eabi/5.3.0/../../../../arm-none-eabi/lib/thumb\libg.a(lib_a-jp2uc.o)
 .rodata.a2     0x080a06e8       0xbc d:/apps/devkitpro/devkitarm/bin/../lib/gcc/arm-none-eabi/5.3.0/../../../../arm-none-eabi/lib/thumb\libg.a(lib_a-jp2uc.o)
 .rodata.a3     0x080a07a4       0x5c d:/apps/devkitpro/devkitarm/bin/../lib/gcc/arm-none-eabi/5.3.0/../../../../arm-none-eabi/lib/thumb\libg.a(lib_a-jp2uc.o)
 .rodata.a6     0x080a0800       0x70 d:/apps/devkitpro/devkitarm/bin/../lib/gcc/arm-none-eabi/5.3.0/../../../../arm-none-eabi/lib/thumb\libg.a(lib_a-jp2uc.o)
 .rodata.a7     0x080a0870       0xa4 d:/apps/devkitpro/devkitarm/bin/../lib/gcc/arm-none-eabi/5.3.0/../../../../arm-none-eabi/lib/thumb\libg.a(lib_a-jp2uc.o)
 .rodata.a8     0x080a0914       0x40 d:/apps/devkitpro/devkitarm/bin/../lib/gcc/arm-none-eabi/5.3.0/../../../../arm-none-eabi/lib/thumb\libg.a(lib_a-jp2uc.o)
 .rodata.str1.4
                0x080a0954       0x12 d:/apps/devkitpro/devkitarm/bin/../lib/gcc/arm-none-eabi/5.3.0/../../../../arm-none-eabi/lib/thumb\libg.a(lib_a-jp2uc.o)
                                 0x14 (size before relaxing)
 *fill*         0x080a0966        0x2 ff
 .rodata.b02cf  0x080a0968     0x172c d:/apps/devkitpro/devkitarm/bin/../lib/gcc/arm-none-eabi/5.3.0/../../../../arm-none-eabi/lib/thumb\libg.a(lib_a-jp2uc.o)
 .rodata.d02f4  0x080a2094     0x1a7c d:/apps/devkitpro/devkitarm/bin/../lib/gcc/arm-none-eabi/5.3.0/../../../../arm-none-eabi/lib/thumb\libg.a(lib_a-jp2uc.o)
 .rodata.str1.4
                0x080a3b10      0x112 d:/apps/devkitpro/devkitarm/bin/../lib/gcc/arm-none-eabi/5.3.0/../../../../arm-none-eabi/lib/thumb\libg.a(lib_a-locale.o)
                                0x130 (size before relaxing)
 .rodata.str1.4
                0x080a3c22        0x4 d:/apps/devkitpro/devkitarm/bin/../lib/gcc/arm-none-eabi/5.3.0/../../../../arm-none-eabi/lib/thumb\libg.a(lib_a-mbrtowc.o)
 *fill*         0x080a3c22        0x2 ff
 .rodata.__state_table
                0x080a3c24       0x6c d:/apps/devkitpro/devkitarm/bin/../lib/gcc/arm-none-eabi/5.3.0/../../../../arm-none-eabi/lib/thumb\libg.a(lib_a-svfiprintf.o)
                0x080a3c24                __state_table
 .rodata.__chclass
                0x080a3c90      0x100 d:/apps/devkitpro/devkitarm/bin/../lib/gcc/arm-none-eabi/5.3.0/../../../../arm-none-eabi/lib/thumb\libg.a(lib_a-svfiprintf.o)
                0x080a3c90                __chclass
 .rodata.__action_table
                0x080a3d90       0x6c d:/apps/devkitpro/devkitarm/bin/../lib/gcc/arm-none-eabi/5.3.0/../../../../arm-none-eabi/lib/thumb\libg.a(lib_a-svfiprintf.o)
                0x080a3d90                __action_table
 .rodata.str1.4
                0x080a3dfc        0x8 d:/apps/devkitpro/devkitarm/bin/../lib/gcc/arm-none-eabi/5.3.0/../../../../arm-none-eabi/lib/thumb\libsysbase.a(iosupport.o)
 *(.gnu.linkonce.r*)
                0x080a3e04                . = ALIGN (0x4)

.ARM.extab
 *(.ARM.extab* .gnu.linkonce.armextab.*)
                0x080a3e04                __exidx_start = .

.ARM.exidx
 *(.ARM.exidx* .gnu.linkonce.armexidx.*)
                0x080a3e04                __exidx_end = .

.ctors          0x080a3e04        0x0
 *crtbegin.o(.ctors)
 *(EXCLUDE_FILE(*crtend.o) .ctors)
 *(SORT(.ctors.*))
 *(.ctors)
                0x080a3e04                . = ALIGN (0x4)

.dtors          0x080a3e04        0x0
 *crtbegin.o(.dtors)
 *(EXCLUDE_FILE(*crtend.o) .dtors)
 *(SORT(.dtors.*))
 *(.dtors)
                0x080a3e04                . = ALIGN (0x4)

.eh_frame       0x080a3e04       0x48
 *(.eh_frame)
 .eh_frame      0x080a3e04        0x0 d:/apps/devkitpro/devkitarm/bin/../lib/gcc/arm-none-eabi/5.3.0/thumb/crtbegin.o
 .eh_frame      0x080a3e04       0x44 d:/apps/devkitpro/devkitarm/bin/../lib/gcc/arm-none-eabi/5.3.0/../../../../arm-none-eabi/lib/thumb\libg.a(lib_a-strcmp.o)
 .eh_frame      0x080a3e48        0x4 d:/apps/devkitpro/devkitarm/bin/../lib/gcc/arm-none-eabi/5.3.0/thumb/crtend.o
                0x080a3e4c                . = ALIGN (0x4)

.gcc_except_table
                0x080a3e4c        0x0
 *(.gcc_except_table)
                0x080a3e4c                . = ALIGN (0x4)
                0x080a3e4c                __iwram_lma = .

.iwram          0x03000000     0x1494 load address 0x080a3e4c
                0x03000000                __iwram_start__ = ABSOLUTE (.)
 *(.iwram)
 .iwram         0x03000000       0xb8 d:/Apps/devkitPro/libgba/lib\libgba.a(InterruptDispatcher.o)
                0x03000000                IntrMain
 .iwram         0x030000b8        0x8 d:/Apps/devkitPro/libgba/lib\libmm.a(mm_main.o)
                0x030000b8                mpp_call_r7i
                0x030000ba                mpp_call_r2i
                0x030000bc                mpp_call_r1i
 .iwram         0x030000c0      0x648 d:/Apps/devkitPro/libgba/lib\libmm.a(mm_mas_arm.o)
                0x030000c0                mmAllocChannel
                0x03000134                mmReadPattern
                0x03000220                mmUpdateChannel_T0
                0x03000460                mmUpdateChannel_TN
                0x03000600                mmGetPeriod
                0x03000644                note_table_oct
                0x03000662                note_table_mod
 .iwram         0x03000708      0x554 d:/Apps/devkitPro/libgba/lib\libmm.a(mm_mas.o)
                0x03000708                mppProcessTick
                0x030007ec                mpp_Channel_NewNote
                0x030008cc                mpp_Update_ACHN_notest
 .iwram         0x03000c5c      0x838 d:/Apps/devkitPro/libgba/lib\libmm.a(mm_mixer_gba.o)
                0x03000c60                mmVBlank
                0x03000ce4                mmMixerMix
 *iwram.*(.text)
                0x03001494                . = ALIGN (0x4)
                0x03001494                __iwram_end__ = ABSOLUTE (.)
                0x080a52e0                __data_lma = (__iwram_lma + SIZEOF (.iwram))

.rel.dyn        0x03001494        0x0 load address 0x080a52e0
 .rel.iplt      0x03001494        0x0 d:/apps/devkitpro/devkitarm/bin/../lib/gcc/arm-none-eabi/5.3.0/../../../../arm-none-eabi/lib/thumb/gba_crt0.o

.bss            0x03001494     0x41d4
                0x03001494                __bss_start = ABSOLUTE (.)
                0x03001494                __bss_start__ = ABSOLUTE (.)
 *(.dynbss)
 *(.gnu.linkonce.b*)
 *(.bss*)
 .bss           0x03001494       0x1c d:/apps/devkitpro/devkitarm/bin/../lib/gcc/arm-none-eabi/5.3.0/thumb/crtbegin.o
 .bss           0x030014b0       0x1c d:/Apps/devkitPro/libgba/lib\libgba.a(console.o)
 .bss           0x030014cc        0xa d:/Apps/devkitPro/libgba/lib\libgba.a(input.o)
 *fill*         0x030014d6        0x2 
 .bss           0x030014d8       0x30 d:/Apps/devkitPro/libgba/lib\libmm.a(mm_effect.o)
                0x030014fc                mm_sfx_bitmask
                0x03001500                mm_sfx_clearmask
 .bss           0x03001508       0x20 d:/Apps/devkitPro/libgba/lib\libmm.a(mm_main.o)
                0x03001508                mmCallback
                0x0300150c                mmModuleCount
                0x03001510                mmModuleBank
                0x03001514                mmSampleBank
                0x03001518                mm_ch_mask
                0x0300151c                mm_vblank_function
                0x03001520                mmInitialized
                0x03001524                mp_solution
 .bss           0x03001528      0x148 d:/Apps/devkitPro/libgba/lib\libmm.a(mm_mas.o)
                0x03001528                mmLayerMain
                0x03001560                mmLayerSub
                0x03001598                mpp_vars
                0x030015a8                mpp_layerp
                0x030015ac                mpp_channels
                0x030015bc                mpp_nchannels
                0x030015bd                mpp_clayer
                0x030015c0                mm_achannels
                0x030015c4                mm_pchannels
                0x030015c8                mm_num_mch
                0x030015cc                mm_num_ach
                0x030015d0                mm_schannels
 .bss           0x03001670      0x420 d:/Apps/devkitPro/libgba/lib\libmm.a(mm_init_default.o)
 .bss           0x03001a90      0x1bc d:/Apps/devkitPro/libgba/lib\libmm.a(mm_mixer_gba.o)
                0x03001a90                mp_writepos
                0x03001a98                mm_mixchannels
                0x03001aa0                mm_mixlen
                0x03001ab4                mm_bpmdv
                0x03001ab8                mp_mix_seg
 .bss.__malloc_max_total_mem
                0x03001c4c        0x4 d:/apps/devkitpro/devkitarm/bin/../lib/gcc/arm-none-eabi/5.3.0/../../../../arm-none-eabi/lib/thumb\libg.a(lib_a-mallocr.o)
                0x03001c4c                __malloc_max_total_mem
 .bss.__malloc_max_sbrked_mem
                0x03001c50        0x4 d:/apps/devkitpro/devkitarm/bin/../lib/gcc/arm-none-eabi/5.3.0/../../../../arm-none-eabi/lib/thumb\libg.a(lib_a-mallocr.o)
                0x03001c50                __malloc_max_sbrked_mem
 .bss.__malloc_top_pad
                0x03001c54        0x4 d:/apps/devkitpro/devkitarm/bin/../lib/gcc/arm-none-eabi/5.3.0/../../../../arm-none-eabi/lib/thumb\libg.a(lib_a-mallocr.o)
                0x03001c54                __malloc_top_pad
 .bss.__malloc_current_mallinfo
                0x03001c58       0x28 d:/apps/devkitpro/devkitarm/bin/../lib/gcc/arm-none-eabi/5.3.0/../../../../arm-none-eabi/lib/thumb\libg.a(lib_a-mallocr.o)
                0x03001c58                __malloc_current_mallinfo
 .bss           0x03001c80        0x4 d:/apps/devkitpro/devkitarm/bin/../lib/gcc/arm-none-eabi/5.3.0/../../../../arm-none-eabi/lib/thumb\libsysbase.a(sbrk.o)
 .bss           0x03001c84        0x8 d:/apps/devkitpro/devkitarm/bin/../lib/gcc/arm-none-eabi/5.3.0/../../../../arm-none-eabi/lib/thumb\libsysbase.a(malloc_vars.o)
                0x03001c84                fake_heap_start
                0x03001c88                fake_heap_end
 .bss           0x03001c8c       0x38 d:/apps/devkitpro/devkitarm/bin/../lib/gcc/arm-none-eabi/5.3.0/../../../../arm-none-eabi/lib/thumb\libsysbase.a(syscall_support.o)
                0x03001c8c                __syscalls
 *(COMMON)
 COMMON         0x03001cc4     0x38e3 controls.o
                0x03001cc4                playerMenu
                0x03001cc5                gameState
                0x03001cc8                player
                0x03001dc0                currentState
                0x03001dc1                exitM
                0x03001dc2                music
                0x03001dc3                itemPos
                0x03001dc4                enemyBattlePos
                0x03001dc5                equipPos
                0x03001dc6                battleState
                0x03001dc7                playerMenuPos
                0x03001dc8                Battle
                0x03001dd0                menuP
                0x03001dd1                playState
                0x03001dd4                enemy
                0x03004e94                battleMenuPos
                0x03004e95                optionP
                0x03004e98                items
                0x030055a0                Menu
 *fill*         0x030055a7        0x1 
 COMMON         0x030055a8       0x48 pointerstruct.o
                0x030055a8                point
 COMMON         0x030055f0       0x78 d:/Apps/devkitPro/libgba/lib\libgba.a(interrupt.o)
                0x030055f0                IntrTable
                0x03005668                . = ALIGN (0x4)
                0x03005668                __bss_end__ = ABSOLUTE (.)

.data           0x03005668     0x1950 load address 0x080a52e0
                0x03005668                __data_start__ = ABSOLUTE (.)
 *(.data)
 .data          0x03005668        0x3 d:/Apps/devkitPro/libgba/lib\libgba.a(input.o)
 *fill*         0x0300566b        0x1 ff
 .data          0x0300566c       0x44 d:/apps/devkitpro/devkitarm/bin/../lib/gcc/arm-none-eabi/5.3.0/../../../../arm-none-eabi/lib/thumb\libsysbase.a(iosupport.o)
                0x03005670                devoptab_list
 .data          0x030056b0     0x1028 d:/apps/devkitpro/devkitarm/bin/../lib/gcc/arm-none-eabi/5.3.0/../../../../arm-none-eabi/lib/thumb\libsysbase.a(handle_manager.o)
 *(.data.*)
 .data.impure_data
                0x030066d8      0x440 d:/apps/devkitpro/devkitarm/bin/../lib/gcc/arm-none-eabi/5.3.0/../../../../arm-none-eabi/lib/thumb\libg.a(lib_a-impure.o)
 .data._impure_ptr
                0x03006b18        0x4 d:/apps/devkitpro/devkitarm/bin/../lib/gcc/arm-none-eabi/5.3.0/../../../../arm-none-eabi/lib/thumb\libg.a(lib_a-impure.o)
                0x03006b18                _impure_ptr
 .data.__malloc_av_
                0x03006b1c      0x408 d:/apps/devkitpro/devkitarm/bin/../lib/gcc/arm-none-eabi/5.3.0/../../../../arm-none-eabi/lib/thumb\libg.a(lib_a-mallocr.o)
                0x03006b1c                __malloc_av_
 .data.__malloc_trim_threshold
                0x03006f24        0x4 d:/apps/devkitpro/devkitarm/bin/../lib/gcc/arm-none-eabi/5.3.0/../../../../arm-none-eabi/lib/thumb\libg.a(lib_a-mallocr.o)
                0x03006f24                __malloc_trim_threshold
 .data.__malloc_sbrk_base
                0x03006f28        0x4 d:/apps/devkitpro/devkitarm/bin/../lib/gcc/arm-none-eabi/5.3.0/../../../../arm-none-eabi/lib/thumb\libg.a(lib_a-mallocr.o)
                0x03006f28                __malloc_sbrk_base
 .data.__malloc_lock_object
                0x03006f2c        0xc d:/apps/devkitpro/devkitarm/bin/../lib/gcc/arm-none-eabi/5.3.0/../../../../arm-none-eabi/lib/thumb\libg.a(lib_a-mlock.o)
 .data.__wctomb
                0x03006f38        0x4 d:/apps/devkitpro/devkitarm/bin/../lib/gcc/arm-none-eabi/5.3.0/../../../../arm-none-eabi/lib/thumb\libg.a(lib_a-wctomb_r.o)
                0x03006f38                __wctomb
 .data.__ctype_ptr__
                0x03006f3c        0x4 d:/apps/devkitpro/devkitarm/bin/../lib/gcc/arm-none-eabi/5.3.0/../../../../arm-none-eabi/lib/thumb\libg.a(lib_a-ctype_.o)
                0x03006f3c                __ctype_ptr__
 .data.__sfp_lock
                0x03006f40        0xc d:/apps/devkitpro/devkitarm/bin/../lib/gcc/arm-none-eabi/5.3.0/../../../../arm-none-eabi/lib/thumb\libg.a(lib_a-findfp.o)
 .data.__sinit_lock
                0x03006f4c        0xc d:/apps/devkitpro/devkitarm/bin/../lib/gcc/arm-none-eabi/5.3.0/../../../../arm-none-eabi/lib/thumb\libg.a(lib_a-findfp.o)
 .data.lconv    0x03006f58       0x38 d:/apps/devkitpro/devkitarm/bin/../lib/gcc/arm-none-eabi/5.3.0/../../../../arm-none-eabi/lib/thumb\libg.a(lib_a-locale.o)
 .data.lc_ctype_charset
                0x03006f90       0x20 d:/apps/devkitpro/devkitarm/bin/../lib/gcc/arm-none-eabi/5.3.0/../../../../arm-none-eabi/lib/thumb\libg.a(lib_a-locale.o)
 .data.__mb_cur_max
                0x03006fb0        0x4 d:/apps/devkitpro/devkitarm/bin/../lib/gcc/arm-none-eabi/5.3.0/../../../../arm-none-eabi/lib/thumb\libg.a(lib_a-locale.o)
                0x03006fb0                __mb_cur_max
 .data.__mbtowc
                0x03006fb4        0x4 d:/apps/devkitpro/devkitarm/bin/../lib/gcc/arm-none-eabi/5.3.0/../../../../arm-none-eabi/lib/thumb\libg.a(lib_a-mbtowc_r.o)
                0x03006fb4                __mbtowc
 *(.gnu.linkonce.d*)
                0x03006fb8                . = ALIGN (0x4)
                0x080a6c30                __preinit_lma = (__data_lma + SIZEOF (.data))

.igot.plt       0x03006fb8        0x0 load address 0x080a6c30
 .igot.plt      0x03006fb8        0x0 d:/apps/devkitpro/devkitarm/bin/../lib/gcc/arm-none-eabi/5.3.0/../../../../arm-none-eabi/lib/thumb/gba_crt0.o

.tm_clone_table
                0x03006fb8        0x0 load address 0x080a6c30
 .tm_clone_table
                0x03006fb8        0x0 d:/apps/devkitpro/devkitarm/bin/../lib/gcc/arm-none-eabi/5.3.0/thumb/crtbegin.o
 .tm_clone_table
                0x03006fb8        0x0 d:/apps/devkitpro/devkitarm/bin/../lib/gcc/arm-none-eabi/5.3.0/thumb/crtend.o

.preinit_array  0x03006fb8        0x0 load address 0x080a6c30
                0x03006fb8                __preinit_array_start = ABSOLUTE (.)
 *(.preinit_array)
                0x03006fb8                __preinit_array_end = ABSOLUTE (.)
                0x080a6c30                __init_lma = (__preinit_lma + SIZEOF (.preinit_array))

.init_array     0x03006fb8        0x4 load address 0x080a6c30
                0x03006fb8                __init_array_start = ABSOLUTE (.)
 *(SORT(.init_array.*))
 *(.init_array)
 .init_array    0x03006fb8        0x4 d:/apps/devkitpro/devkitarm/bin/../lib/gcc/arm-none-eabi/5.3.0/thumb/crtbegin.o
                0x03006fbc                __init_array_end = ABSOLUTE (.)
                0x080a6c34                __fini_lma = (__init_lma + SIZEOF (.init_array))

.fini_array     0x03006fbc        0x4 load address 0x080a6c34
                0x03006fbc                __fini_array_start = ABSOLUTE (.)
 *(SORT(.fini_array.*))
 *(.fini_array)
 .fini_array    0x03006fbc        0x4 d:/apps/devkitpro/devkitarm/bin/../lib/gcc/arm-none-eabi/5.3.0/thumb/crtbegin.o
                0x03006fc0                __fini_array_end = ABSOLUTE (.)
                0x080a6c38                __jcr_lma = (__fini_lma + SIZEOF (.fini_array))

.jcr            0x03006fc0        0x4 load address 0x080a6c38
 *(.jcr)
 .jcr           0x03006fc0        0x0 d:/apps/devkitpro/devkitarm/bin/../lib/gcc/arm-none-eabi/5.3.0/thumb/crtbegin.o
 .jcr           0x03006fc0        0x4 d:/apps/devkitpro/devkitarm/bin/../lib/gcc/arm-none-eabi/5.3.0/thumb/crtend.o
                0x03006fc4                __data_end__ = ABSOLUTE (.)
                0x080a6c3c                __iwram_overlay_lma = (__jcr_lma + SIZEOF (.jcr))
                0x03006fc4                __iwram_overlay_start = .

.iwram0         0x03006fc4        0x0 load address 0x080a6c3c
 *(.iwram0)
                0x03006fc4                . = ALIGN (0x4)
                0x080a6c3c                PROVIDE (__load_start_iwram0, LOADADDR (.iwram0))
                0x080a6c3c                PROVIDE (__load_stop_iwram0, (LOADADDR (.iwram0) + SIZEOF (.iwram0)))

.iwram1         0x03006fc4        0x0
 *(.iwram1)
                0x03006fc4                . = ALIGN (0x4)
                [!provide]                PROVIDE (__load_start_iwram1, LOADADDR (.iwram1))
                [!provide]                PROVIDE (__load_stop_iwram1, (LOADADDR (.iwram1) + SIZEOF (.iwram1)))

.iwram2         0x03006fc4        0x0
 *(.iwram2)
                0x03006fc4                . = ALIGN (0x4)
                [!provide]                PROVIDE (__load_start_iwram2, LOADADDR (.iwram2))
                [!provide]                PROVIDE (__load_stop_iwram2, (LOADADDR (.iwram2) + SIZEOF (.iwram2)))

.iwram3         0x03006fc4        0x0
 *(.iwram3)
                0x03006fc4                . = ALIGN (0x4)
                [!provide]                PROVIDE (__load_start_iwram3, LOADADDR (.iwram3))
                [!provide]                PROVIDE (__load_stop_iwram3, (LOADADDR (.iwram3) + SIZEOF (.iwram3)))

.iwram4         0x03006fc4        0x0
 *(.iwram4)
                0x03006fc4                . = ALIGN (0x4)
                [!provide]                PROVIDE (__load_start_iwram4, LOADADDR (.iwram4))
                [!provide]                PROVIDE (__load_stop_iwram4, (LOADADDR (.iwram4) + SIZEOF (.iwram4)))

.iwram5         0x03006fc4        0x0
 *(.iwram5)
                0x03006fc4                . = ALIGN (0x4)
                [!provide]                PROVIDE (__load_start_iwram5, LOADADDR (.iwram5))
                [!provide]                PROVIDE (__load_stop_iwram5, (LOADADDR (.iwram5) + SIZEOF (.iwram5)))

.iwram6         0x03006fc4        0x0
 *(.iwram6)
                0x03006fc4                . = ALIGN (0x4)
                [!provide]                PROVIDE (__load_start_iwram6, LOADADDR (.iwram6))
                [!provide]                PROVIDE (__load_stop_iwram6, (LOADADDR (.iwram6) + SIZEOF (.iwram6)))

.iwram7         0x03006fc4        0x0
 *(.iwram7)
                0x03006fc4                . = ALIGN (0x4)
                [!provide]                PROVIDE (__load_start_iwram7, LOADADDR (.iwram7))
                [!provide]                PROVIDE (__load_stop_iwram7, (LOADADDR (.iwram7) + SIZEOF (.iwram7)))

.iwram8         0x03006fc4        0x0
 *(.iwram8)
                0x03006fc4                . = ALIGN (0x4)
                [!provide]                PROVIDE (__load_start_iwram8, LOADADDR (.iwram8))
                [!provide]                PROVIDE (__load_stop_iwram8, (LOADADDR (.iwram8) + SIZEOF (.iwram8)))

.iwram9         0x03006fc4        0x0
 *(.iwram9)
                0x03006fc4                . = ALIGN (0x4)
                [!provide]                PROVIDE (__load_start_iwram9, LOADADDR (.iwram9))
                [!provide]                PROVIDE (__load_stop_iwram9, (LOADADDR (.iwram9) + SIZEOF (.iwram9)))
                0x03006fc4                __iwram_overlay_end = .
                0x080a6c3c                __ewram_lma = (__iwram_overlay_lma + (__iwram_overlay_end - __iwram_overlay_start))
                0x03006fc4                __iheap_start = .
                0x02000000                __ewram_start = ORIGIN (ewram)

.ewram          0x02000000        0x0 load address 0x080a6c3c
 *(.ewram)
                0x02000000                . = ALIGN (0x4)
                0x02000000                __ewram_end = ABSOLUTE (.)
                0x080a6c3c                __pad_lma = (__ewram_lma + SIZEOF (.ewram))

.sbss           0x02000000        0x0
                0x02000000                __sbss_start__ = ABSOLUTE (.)
 *(.sbss)
                0x02000000                . = ALIGN (0x4)
                0x02000000                __sbss_end__ = ABSOLUTE (.)
                0x02000000                __end__ = ABSOLUTE (.)
                0x02000000                __eheap_start = ABSOLUTE (.)

.pad            0x02000000        0x8 load address 0x080a6c3c
                0x02000000        0x4 LONG 0x52416b64
                0x02000004        0x4 LONG 0x4d
                0x02000008                . = ALIGN (0x4)
                0x080a6c44                __rom_end__ = (__pad_lma + SIZEOF (.pad))

.stab
 *(.stab)

.stabstr
 *(.stabstr)

.stab.excl
 *(.stab.excl)

.stab.exclstr
 *(.stab.exclstr)

.stab.index
 *(.stab.index)

.stab.indexstr
 *(.stab.indexstr)

.comment        0x00000000       0xae
 *(.comment)
 .comment       0x00000000       0x22 d:/apps/devkitpro/devkitarm/bin/../lib/gcc/arm-none-eabi/5.3.0/thumb/crtbegin.o
                                 0x23 (size before relaxing)
 .comment       0x00000022       0x23 chardata.o
 .comment       0x00000022       0x23 controls.o
 .comment       0x00000022       0x23 enemies.o
 .comment       0x00000022       0x23 game.o
 .comment       0x00000022       0x23 main.o
 .comment       0x00000022       0x23 playerstruct.o
 .comment       0x00000022       0x23 pointerstruct.o
 .comment       0x00000022       0x23 system.o
 .comment       0x00000022       0x23 d:/Apps/devkitPro/libgba/lib\libgba.a(console.o)
 .comment       0x00000045       0x23 d:/Apps/devkitPro/libgba/lib\libgba.a(input.o)
 .comment       0x00000068       0x23 d:/Apps/devkitPro/libgba/lib\libgba.a(interrupt.o)
 .comment       0x0000008b       0x23 d:/Apps/devkitPro/libgba/lib\libgba.a(CpuSet.o)
 .comment       0x000000ae       0x23 d:/apps/devkitpro/devkitarm/bin/../lib/gcc/arm-none-eabi/5.3.0/../../../../arm-none-eabi/lib/thumb\libg.a(lib_a-impure.o)
 .comment       0x000000ae       0x23 d:/apps/devkitpro/devkitarm/bin/../lib/gcc/arm-none-eabi/5.3.0/../../../../arm-none-eabi/lib/thumb\libg.a(lib_a-init.o)
 .comment       0x000000ae       0x23 d:/apps/devkitpro/devkitarm/bin/../lib/gcc/arm-none-eabi/5.3.0/../../../../arm-none-eabi/lib/thumb\libg.a(lib_a-iprintf.o)
 .comment       0x000000ae       0x23 d:/apps/devkitpro/devkitarm/bin/../lib/gcc/arm-none-eabi/5.3.0/../../../../arm-none-eabi/lib/thumb\libg.a(lib_a-malloc.o)
 .comment       0x000000ae       0x23 d:/apps/devkitpro/devkitarm/bin/../lib/gcc/arm-none-eabi/5.3.0/../../../../arm-none-eabi/lib/thumb\libg.a(lib_a-mallocr.o)
 .comment       0x000000ae       0x23 d:/apps/devkitpro/devkitarm/bin/../lib/gcc/arm-none-eabi/5.3.0/../../../../arm-none-eabi/lib/thumb\libg.a(lib_a-memcpy.o)
 .comment       0x000000ae       0x23 d:/apps/devkitpro/devkitarm/bin/../lib/gcc/arm-none-eabi/5.3.0/../../../../arm-none-eabi/lib/thumb\libg.a(lib_a-mlock.o)
 .comment       0x000000ae       0x23 d:/apps/devkitpro/devkitarm/bin/../lib/gcc/arm-none-eabi/5.3.0/../../../../arm-none-eabi/lib/thumb\libg.a(lib_a-setvbuf.o)
 .comment       0x000000ae       0x23 d:/apps/devkitpro/devkitarm/bin/../lib/gcc/arm-none-eabi/5.3.0/../../../../arm-none-eabi/lib/thumb\libg.a(lib_a-siscanf.o)
 .comment       0x000000ae       0x23 d:/apps/devkitpro/devkitarm/bin/../lib/gcc/arm-none-eabi/5.3.0/../../../../arm-none-eabi/lib/thumb\libg.a(lib_a-stdio.o)
 .comment       0x000000ae       0x23 d:/apps/devkitpro/devkitarm/bin/../lib/gcc/arm-none-eabi/5.3.0/../../../../arm-none-eabi/lib/thumb\libg.a(lib_a-strlen.o)
 .comment       0x000000ae       0x23 d:/apps/devkitpro/devkitarm/bin/../lib/gcc/arm-none-eabi/5.3.0/../../../../arm-none-eabi/lib/thumb\libg.a(lib_a-svfiscanf.o)
 .comment       0x000000ae       0x23 d:/apps/devkitpro/devkitarm/bin/../lib/gcc/arm-none-eabi/5.3.0/../../../../arm-none-eabi/lib/thumb\libg.a(lib_a-ungetc.o)
 .comment       0x000000ae       0x23 d:/apps/devkitpro/devkitarm/bin/../lib/gcc/arm-none-eabi/5.3.0/../../../../arm-none-eabi/lib/thumb\libg.a(lib_a-vfiprintf.o)
 .comment       0x000000ae       0x23 d:/apps/devkitpro/devkitarm/bin/../lib/gcc/arm-none-eabi/5.3.0/../../../../arm-none-eabi/lib/thumb\libg.a(lib_a-wcrtomb.o)
 .comment       0x000000ae       0x23 d:/apps/devkitpro/devkitarm/bin/../lib/gcc/arm-none-eabi/5.3.0/../../../../arm-none-eabi/lib/thumb\libg.a(lib_a-wcsrtombs.o)
 .comment       0x000000ae       0x23 d:/apps/devkitpro/devkitarm/bin/../lib/gcc/arm-none-eabi/5.3.0/../../../../arm-none-eabi/lib/thumb\libg.a(lib_a-wctomb_r.o)
 .comment       0x000000ae       0x23 d:/apps/devkitpro/devkitarm/bin/../lib/gcc/arm-none-eabi/5.3.0/../../../../arm-none-eabi/lib/thumb\libg.a(lib_a-wsetup.o)
 .comment       0x000000ae       0x23 d:/apps/devkitpro/devkitarm/bin/../lib/gcc/arm-none-eabi/5.3.0/../../../../arm-none-eabi/lib/thumb\libg.a(lib_a-ctype_.o)
 .comment       0x000000ae       0x23 d:/apps/devkitpro/devkitarm/bin/../lib/gcc/arm-none-eabi/5.3.0/../../../../arm-none-eabi/lib/thumb\libg.a(lib_a-fflush.o)
 .comment       0x000000ae       0x23 d:/apps/devkitpro/devkitarm/bin/../lib/gcc/arm-none-eabi/5.3.0/../../../../arm-none-eabi/lib/thumb\libg.a(lib_a-findfp.o)
 .comment       0x000000ae       0x23 d:/apps/devkitpro/devkitarm/bin/../lib/gcc/arm-none-eabi/5.3.0/../../../../arm-none-eabi/lib/thumb\libg.a(lib_a-fputwc.o)
 .comment       0x000000ae       0x23 d:/apps/devkitpro/devkitarm/bin/../lib/gcc/arm-none-eabi/5.3.0/../../../../arm-none-eabi/lib/thumb\libg.a(lib_a-freer.o)
 .comment       0x000000ae       0x23 d:/apps/devkitpro/devkitarm/bin/../lib/gcc/arm-none-eabi/5.3.0/../../../../arm-none-eabi/lib/thumb\libg.a(lib_a-fvwrite.o)
 .comment       0x000000ae       0x23 d:/apps/devkitpro/devkitarm/bin/../lib/gcc/arm-none-eabi/5.3.0/../../../../arm-none-eabi/lib/thumb\libg.a(lib_a-fwalk.o)
 .comment       0x000000ae       0x23 d:/apps/devkitpro/devkitarm/bin/../lib/gcc/arm-none-eabi/5.3.0/../../../../arm-none-eabi/lib/thumb\libg.a(lib_a-iswspace.o)
 .comment       0x000000ae       0x23 d:/apps/devkitpro/devkitarm/bin/../lib/gcc/arm-none-eabi/5.3.0/../../../../arm-none-eabi/lib/thumb\libg.a(lib_a-jp2uc.o)
 .comment       0x000000ae       0x23 d:/apps/devkitpro/devkitarm/bin/../lib/gcc/arm-none-eabi/5.3.0/../../../../arm-none-eabi/lib/thumb\libg.a(lib_a-locale.o)
 .comment       0x000000ae       0x23 d:/apps/devkitpro/devkitarm/bin/../lib/gcc/arm-none-eabi/5.3.0/../../../../arm-none-eabi/lib/thumb\libg.a(lib_a-makebuf.o)
 .comment       0x000000ae       0x23 d:/apps/devkitpro/devkitarm/bin/../lib/gcc/arm-none-eabi/5.3.0/../../../../arm-none-eabi/lib/thumb\libg.a(lib_a-mbrtowc.o)
 .comment       0x000000ae       0x23 d:/apps/devkitpro/devkitarm/bin/../lib/gcc/arm-none-eabi/5.3.0/../../../../arm-none-eabi/lib/thumb\libg.a(lib_a-mbtowc_r.o)
 .comment       0x000000ae       0x23 d:/apps/devkitpro/devkitarm/bin/../lib/gcc/arm-none-eabi/5.3.0/../../../../arm-none-eabi/lib/thumb\libg.a(lib_a-memchr.o)
 .comment       0x000000ae       0x23 d:/apps/devkitpro/devkitarm/bin/../lib/gcc/arm-none-eabi/5.3.0/../../../../arm-none-eabi/lib/thumb\libg.a(lib_a-memmove.o)
 .comment       0x000000ae       0x23 d:/apps/devkitpro/devkitarm/bin/../lib/gcc/arm-none-eabi/5.3.0/../../../../arm-none-eabi/lib/thumb\libg.a(lib_a-memset.o)
 .comment       0x000000ae       0x23 d:/apps/devkitpro/devkitarm/bin/../lib/gcc/arm-none-eabi/5.3.0/../../../../arm-none-eabi/lib/thumb\libg.a(lib_a-reallocr.o)
 .comment       0x000000ae       0x23 d:/apps/devkitpro/devkitarm/bin/../lib/gcc/arm-none-eabi/5.3.0/../../../../arm-none-eabi/lib/thumb\libg.a(lib_a-sccl.o)
 .comment       0x000000ae       0x23 d:/apps/devkitpro/devkitarm/bin/../lib/gcc/arm-none-eabi/5.3.0/../../../../arm-none-eabi/lib/thumb\libg.a(lib_a-strcasecmp.o)
 .comment       0x000000ae       0x23 d:/apps/devkitpro/devkitarm/bin/../lib/gcc/arm-none-eabi/5.3.0/../../../../arm-none-eabi/lib/thumb\libg.a(lib_a-strcat.o)
 .comment       0x000000ae       0x23 d:/apps/devkitpro/devkitarm/bin/../lib/gcc/arm-none-eabi/5.3.0/../../../../arm-none-eabi/lib/thumb\libg.a(lib_a-strchr.o)
 .comment       0x000000ae       0x23 d:/apps/devkitpro/devkitarm/bin/../lib/gcc/arm-none-eabi/5.3.0/../../../../arm-none-eabi/lib/thumb\libg.a(lib_a-strcpy.o)
 .comment       0x000000ae       0x23 d:/apps/devkitpro/devkitarm/bin/../lib/gcc/arm-none-eabi/5.3.0/../../../../arm-none-eabi/lib/thumb\libg.a(lib_a-strlcpy.o)
 .comment       0x000000ae       0x23 d:/apps/devkitpro/devkitarm/bin/../lib/gcc/arm-none-eabi/5.3.0/../../../../arm-none-eabi/lib/thumb\libg.a(lib_a-strncasecmp.o)
 .comment       0x000000ae       0x23 d:/apps/devkitpro/devkitarm/bin/../lib/gcc/arm-none-eabi/5.3.0/../../../../arm-none-eabi/lib/thumb\libg.a(lib_a-strncmp.o)
 .comment       0x000000ae       0x23 d:/apps/devkitpro/devkitarm/bin/../lib/gcc/arm-none-eabi/5.3.0/../../../../arm-none-eabi/lib/thumb\libg.a(lib_a-strncpy.o)
 .comment       0x000000ae       0x23 d:/apps/devkitpro/devkitarm/bin/../lib/gcc/arm-none-eabi/5.3.0/../../../../arm-none-eabi/lib/thumb\libg.a(lib_a-strtoll_r.o)
 .comment       0x000000ae       0x23 d:/apps/devkitpro/devkitarm/bin/../lib/gcc/arm-none-eabi/5.3.0/../../../../arm-none-eabi/lib/thumb\libg.a(lib_a-strtol.o)
 .comment       0x000000ae       0x23 d:/apps/devkitpro/devkitarm/bin/../lib/gcc/arm-none-eabi/5.3.0/../../../../arm-none-eabi/lib/thumb\libg.a(lib_a-strtoull_r.o)
 .comment       0x000000ae       0x23 d:/apps/devkitpro/devkitarm/bin/../lib/gcc/arm-none-eabi/5.3.0/../../../../arm-none-eabi/lib/thumb\libg.a(lib_a-strtoul.o)
 .comment       0x000000ae       0x23 d:/apps/devkitpro/devkitarm/bin/../lib/gcc/arm-none-eabi/5.3.0/../../../../arm-none-eabi/lib/thumb\libg.a(lib_a-svfiprintf.o)
 .comment       0x000000ae       0x23 d:/apps/devkitpro/devkitarm/bin/../lib/gcc/arm-none-eabi/5.3.0/../../../../arm-none-eabi/lib/thumb\libg.a(lib_a-wbuf.o)
 .comment       0x000000ae       0x23 d:/apps/devkitpro/devkitarm/bin/../lib/gcc/arm-none-eabi/5.3.0/../../../../arm-none-eabi/lib/thumb\libg.a(lib_a-wcsnrtombs.o)
 .comment       0x000000ae       0x23 d:/apps/devkitpro/devkitarm/bin/../lib/gcc/arm-none-eabi/5.3.0/../../../../arm-none-eabi/lib/thumb\libg.a(lib_a-fclose.o)
 .comment       0x000000ae       0x23 d:/apps/devkitpro/devkitarm/bin/../lib/gcc/arm-none-eabi/5.3.0/../../../../arm-none-eabi/lib/thumb\libg.a(lib_a-getenv_r.o)
 .comment       0x000000ae       0x23 d:/apps/devkitpro/devkitarm/bin/../lib/gcc/arm-none-eabi/5.3.0/../../../../arm-none-eabi/lib/thumb\libg.a(lib_a-environ.o)
 .comment       0x000000ae       0x23 d:/apps/devkitpro/devkitarm/bin/../lib/gcc/arm-none-eabi/5.3.0/../../../../arm-none-eabi/lib/thumb\libg.a(lib_a-envlock.o)
 .comment       0x000000ae       0x23 d:/apps/devkitpro/devkitarm/bin/../lib/gcc/arm-none-eabi/5.3.0/../../../../arm-none-eabi/lib/thumb\libsysbase.a(iosupport.o)
 .comment       0x000000ae       0x23 d:/apps/devkitpro/devkitarm/bin/../lib/gcc/arm-none-eabi/5.3.0/../../../../arm-none-eabi/lib/thumb\libsysbase.a(close.o)
 .comment       0x000000ae       0x23 d:/apps/devkitpro/devkitarm/bin/../lib/gcc/arm-none-eabi/5.3.0/../../../../arm-none-eabi/lib/thumb\libsysbase.a(fstat.o)
 .comment       0x000000ae       0x23 d:/apps/devkitpro/devkitarm/bin/../lib/gcc/arm-none-eabi/5.3.0/../../../../arm-none-eabi/lib/thumb\libsysbase.a(isatty.o)
 .comment       0x000000ae       0x23 d:/apps/devkitpro/devkitarm/bin/../lib/gcc/arm-none-eabi/5.3.0/../../../../arm-none-eabi/lib/thumb\libsysbase.a(lseek.o)
 .comment       0x000000ae       0x23 d:/apps/devkitpro/devkitarm/bin/../lib/gcc/arm-none-eabi/5.3.0/../../../../arm-none-eabi/lib/thumb\libsysbase.a(read.o)
 .comment       0x000000ae       0x23 d:/apps/devkitpro/devkitarm/bin/../lib/gcc/arm-none-eabi/5.3.0/../../../../arm-none-eabi/lib/thumb\libsysbase.a(sbrk.o)
 .comment       0x000000ae       0x23 d:/apps/devkitpro/devkitarm/bin/../lib/gcc/arm-none-eabi/5.3.0/../../../../arm-none-eabi/lib/thumb\libsysbase.a(write.o)
 .comment       0x000000ae       0x23 d:/apps/devkitpro/devkitarm/bin/../lib/gcc/arm-none-eabi/5.3.0/../../../../arm-none-eabi/lib/thumb\libsysbase.a(malloc_vars.o)
 .comment       0x000000ae       0x23 d:/apps/devkitpro/devkitarm/bin/../lib/gcc/arm-none-eabi/5.3.0/../../../../arm-none-eabi/lib/thumb\libsysbase.a(flock.o)
 .comment       0x000000ae       0x23 d:/apps/devkitpro/devkitarm/bin/../lib/gcc/arm-none-eabi/5.3.0/../../../../arm-none-eabi/lib/thumb\libsysbase.a(syscall_support.o)
 .comment       0x000000ae       0x23 d:/apps/devkitpro/devkitarm/bin/../lib/gcc/arm-none-eabi/5.3.0/../../../../arm-none-eabi/lib/thumb\libsysbase.a(handle_manager.o)
 .comment       0x000000ae       0x23 d:/apps/devkitpro/devkitarm/bin/../lib/gcc/arm-none-eabi/5.3.0/../../../../arm-none-eabi/lib/thumb\libsysbase.a(getreent.o)
 .comment       0x000000ae       0x23 d:/apps/devkitpro/devkitarm/bin/../lib/gcc/arm-none-eabi/5.3.0/thumb\libgcc.a(_muldi3.o)
 .comment       0x000000ae       0x23 d:/apps/devkitpro/devkitarm/bin/../lib/gcc/arm-none-eabi/5.3.0/thumb\libgcc.a(_udivmoddi4.o)
 .comment       0x000000ae       0x23 d:/apps/devkitpro/devkitarm/bin/../lib/gcc/arm-none-eabi/5.3.0/../../../../arm-none-eabi/lib/thumb\libg.a(lib_a-errno.o)
 .comment       0x000000ae       0x23 d:/apps/devkitpro/devkitarm/bin/../lib/gcc/arm-none-eabi/5.3.0/thumb/crtend.o

.debug
 *(.debug)

.line
 *(.line)

.debug_srcinfo
 *(.debug_srcinfo)

.debug_sfnames
 *(.debug_sfnames)

.debug_aranges  0x00000000      0x198
 *(.debug_aranges)
 .debug_aranges
                0x00000000       0x18 chardata.o
 .debug_aranges
                0x00000018       0x20 controls.o
 .debug_aranges
                0x00000038       0x20 enemies.o
 .debug_aranges
                0x00000058       0x20 game.o
 .debug_aranges
                0x00000078       0x20 main.o
 .debug_aranges
                0x00000098       0x20 playerstruct.o
 .debug_aranges
                0x000000b8       0x20 pointerstruct.o
 .debug_aranges
                0x000000d8       0x20 system.o
 .debug_aranges
                0x000000f8       0x20 d:/Apps/devkitPro/libgba/lib\libgba.a(console.o)
 .debug_aranges
                0x00000118       0x20 d:/Apps/devkitPro/libgba/lib\libgba.a(input.o)
 .debug_aranges
                0x00000138       0x20 d:/Apps/devkitPro/libgba/lib\libgba.a(interrupt.o)
 .debug_aranges
                0x00000158       0x20 d:/Apps/devkitPro/libgba/lib\libgba.a(InterruptDispatcher.o)
 .debug_aranges
                0x00000178       0x20 d:/Apps/devkitPro/libgba/lib\libgba.a(CpuSet.o)

.debug_pubnames
                0x00000000      0x1fc
 *(.debug_pubnames)
 .debug_pubnames
                0x00000000       0xc1 d:/Apps/devkitPro/libgba/lib\libgba.a(console.o)
 .debug_pubnames
                0x000000c1       0x65 d:/Apps/devkitPro/libgba/lib\libgba.a(input.o)
 .debug_pubnames
                0x00000126       0xaa d:/Apps/devkitPro/libgba/lib\libgba.a(interrupt.o)
 .debug_pubnames
                0x000001d0       0x2c d:/Apps/devkitPro/libgba/lib\libgba.a(CpuSet.o)

.debug_info     0x00000000    0x11564
 *(.debug_info)
 .debug_info    0x00000000       0x4f chardata.o
 .debug_info    0x0000004f     0x26d6 controls.o
 .debug_info    0x00002725      0x5cb enemies.o
 .debug_info    0x00002cf0     0x550f game.o
 .debug_info    0x000081ff      0xf5c main.o
 .debug_info    0x0000915b      0x61d playerstruct.o
 .debug_info    0x00009778      0x14e pointerstruct.o
 .debug_info    0x000098c6     0x5db6 system.o
 .debug_info    0x0000f67c     0x17e2 d:/Apps/devkitPro/libgba/lib\libgba.a(console.o)
 .debug_info    0x00010e5e      0x200 d:/Apps/devkitPro/libgba/lib\libgba.a(input.o)
 .debug_info    0x0001105e      0x38c d:/Apps/devkitPro/libgba/lib\libgba.a(interrupt.o)
 .debug_info    0x000113ea       0x94 d:/Apps/devkitPro/libgba/lib\libgba.a(InterruptDispatcher.o)
 .debug_info    0x0001147e       0xe6 d:/Apps/devkitPro/libgba/lib\libgba.a(CpuSet.o)

.debug_abbrev   0x00000000     0x145f
 *(.debug_abbrev)
 .debug_abbrev  0x00000000       0x43 chardata.o
 .debug_abbrev  0x00000043      0x168 controls.o
 .debug_abbrev  0x000001ab      0x10b enemies.o
 .debug_abbrev  0x000002b6      0x284 game.o
 .debug_abbrev  0x0000053a      0x17b main.o
 .debug_abbrev  0x000006b5      0x12c playerstruct.o
 .debug_abbrev  0x000007e1       0x78 pointerstruct.o
 .debug_abbrev  0x00000859      0x493 system.o
 .debug_abbrev  0x00000cec      0x3f5 d:/Apps/devkitPro/libgba/lib\libgba.a(console.o)
 .debug_abbrev  0x000010e1      0x107 d:/Apps/devkitPro/libgba/lib\libgba.a(input.o)
 .debug_abbrev  0x000011e8      0x1de d:/Apps/devkitPro/libgba/lib\libgba.a(interrupt.o)
 .debug_abbrev  0x000013c6       0x14 d:/Apps/devkitPro/libgba/lib\libgba.a(InterruptDispatcher.o)
 .debug_abbrev  0x000013da       0x85 d:/Apps/devkitPro/libgba/lib\libgba.a(CpuSet.o)

.debug_line     0x00000000     0x2d77
 *(.debug_line)
 .debug_line    0x00000000       0x5c chardata.o
 .debug_line    0x0000005c      0x8af controls.o
 .debug_line    0x0000090b      0x1f3 enemies.o
 .debug_line    0x00000afe      0x71f game.o
 .debug_line    0x0000121d      0x189 main.o
 .debug_line    0x000013a6      0x17b playerstruct.o
 .debug_line    0x00001521       0x96 pointerstruct.o
 .debug_line    0x000015b7     0x100a system.o
 .debug_line    0x000025c1      0x43e d:/Apps/devkitPro/libgba/lib\libgba.a(console.o)
 .debug_line    0x000029ff       0xd1 d:/Apps/devkitPro/libgba/lib\libgba.a(input.o)
 .debug_line    0x00002ad0      0x165 d:/Apps/devkitPro/libgba/lib\libgba.a(interrupt.o)
 .debug_line    0x00002c35       0x9c d:/Apps/devkitPro/libgba/lib\libgba.a(InterruptDispatcher.o)
 .debug_line    0x00002cd1       0xa6 d:/Apps/devkitPro/libgba/lib\libgba.a(CpuSet.o)

.debug_frame    0x00000000      0xb20
 *(.debug_frame)
 .debug_frame   0x00000000       0x54 controls.o
 .debug_frame   0x00000054       0x5c enemies.o
 .debug_frame   0x000000b0      0x224 game.o
 .debug_frame   0x000002d4       0x34 main.o
 .debug_frame   0x00000308       0x6c playerstruct.o
 .debug_frame   0x00000374       0x20 pointerstruct.o
 .debug_frame   0x00000394      0x4ec system.o
 .debug_frame   0x00000880      0x118 d:/Apps/devkitPro/libgba/lib\libgba.a(console.o)
 .debug_frame   0x00000998       0x80 d:/Apps/devkitPro/libgba/lib\libgba.a(input.o)
 .debug_frame   0x00000a18       0xd8 d:/Apps/devkitPro/libgba/lib\libgba.a(interrupt.o)
 .debug_frame   0x00000af0       0x30 d:/Apps/devkitPro/libgba/lib\libgba.a(CpuSet.o)

.debug_str      0x00000000     0x1f79
 *(.debug_str)
 .debug_str     0x00000000       0xbd chardata.o
                                 0xca (size before relaxing)
 .debug_str     0x000000bd      0xa26 controls.o
                                0xb24 (size before relaxing)
 .debug_str     0x00000ae3       0x7a enemies.o
                                0x3a6 (size before relaxing)
 .debug_str     0x00000b5d      0x201 game.o
                                0xc01 (size before relaxing)
 .debug_str     0x00000d5e      0x135 main.o
                                0xaa2 (size before relaxing)
 .debug_str     0x00000e93       0x5f playerstruct.o
                                0x5dd (size before relaxing)
 .debug_str     0x00000ef2      0x150 pointerstruct.o
                                0x1df (size before relaxing)
 .debug_str     0x00001042      0x448 system.o
                               0x104f (size before relaxing)
 .debug_str     0x0000148a      0x915 d:/Apps/devkitPro/libgba/lib\libgba.a(console.o)
                                0xa54 (size before relaxing)
 .debug_str     0x00001d9f       0x8b d:/Apps/devkitPro/libgba/lib\libgba.a(input.o)
                                0x11d (size before relaxing)
 .debug_str     0x00001e2a       0xfd d:/Apps/devkitPro/libgba/lib\libgba.a(interrupt.o)
                                0x210 (size before relaxing)
 .debug_str     0x00001f27       0x52 d:/Apps/devkitPro/libgba/lib\libgba.a(CpuSet.o)
                                 0xa7 (size before relaxing)

.debug_loc      0x00000000     0x8107
 *(.debug_loc)
 .debug_loc     0x00000000      0x249 controls.o
 .debug_loc     0x00000249       0xe1 enemies.o
 .debug_loc     0x0000032a      0xb27 game.o
 .debug_loc     0x00000e51       0x21 playerstruct.o
 .debug_loc     0x00000e72     0x68ff system.o
 .debug_loc     0x00007771      0x707 d:/Apps/devkitPro/libgba/lib\libgba.a(console.o)
 .debug_loc     0x00007e78       0x89 d:/Apps/devkitPro/libgba/lib\libgba.a(input.o)
 .debug_loc     0x00007f01      0x194 d:/Apps/devkitPro/libgba/lib\libgba.a(interrupt.o)
 .debug_loc     0x00008095       0x72 d:/Apps/devkitPro/libgba/lib\libgba.a(CpuSet.o)

.debug_macinfo
 *(.debug_macinfo)

.debug_weaknames
 *(.debug_weaknames)

.debug_funcnames
 *(.debug_funcnames)

.debug_typenames
 *(.debug_typenames)

.debug_varnames
 *(.debug_varnames)

.stack          0x00080000        0x0
                0x00080000                _stack = .
 *(.stack)

.note.gnu.arm.ident
 *(.note.gnu.arm.ident)

.ARM.attributes
                0x00000000       0x2b
 *(.ARM.attributes)
 .ARM.attributes
                0x00000000       0x16 d:/apps/devkitpro/devkitarm/bin/../lib/gcc/arm-none-eabi/5.3.0/../../../../arm-none-eabi/lib/thumb/gba_crt0.o
 .ARM.attributes
                0x00000016       0x16 d:/apps/devkitpro/devkitarm/bin/../lib/gcc/arm-none-eabi/5.3.0/thumb/crti.o
 .ARM.attributes
                0x0000002c       0x30 d:/apps/devkitpro/devkitarm/bin/../lib/gcc/arm-none-eabi/5.3.0/thumb/crtbegin.o
 .ARM.attributes
                0x0000005c       0x14 soundbank.o
 .ARM.attributes
                0x00000070       0x2c chardata.o
 .ARM.attributes
                0x0000009c       0x2c controls.o
 .ARM.attributes
                0x000000c8       0x2c enemies.o
 .ARM.attributes
                0x000000f4       0x2c game.o
 .ARM.attributes
                0x00000120       0x2c main.o
 .ARM.attributes
                0x0000014c       0x2c playerstruct.o
 .ARM.attributes
                0x00000178       0x2c pointerstruct.o
 .ARM.attributes
                0x000001a4       0x2c system.o
 .ARM.attributes
                0x000001d0       0x14 asm.o
 .ARM.attributes
                0x000001e4       0x2e d:/Apps/devkitPro/libgba/lib\libgba.a(console.o)
 .ARM.attributes
                0x00000212       0x2e d:/Apps/devkitPro/libgba/lib\libgba.a(input.o)
 .ARM.attributes
                0x00000240       0x2e d:/Apps/devkitPro/libgba/lib\libgba.a(interrupt.o)
 .ARM.attributes
                0x0000026e       0x1e d:/Apps/devkitPro/libgba/lib\libgba.a(InterruptDispatcher.o)
 .ARM.attributes
                0x0000028c       0x10 d:/Apps/devkitPro/libgba/lib\libgba.a(amiga.fnt.o)
 .ARM.attributes
                0x0000029c       0x2e d:/Apps/devkitPro/libgba/lib\libgba.a(CpuSet.o)
 .ARM.attributes
                0x000002ca       0x14 d:/Apps/devkitPro/libgba/lib\libmm.a(mm_effect.o)
 .ARM.attributes
                0x000002de       0x14 d:/Apps/devkitPro/libgba/lib\libmm.a(mm_main.o)
 .ARM.attributes
                0x000002f2       0x16 d:/Apps/devkitPro/libgba/lib\libmm.a(mm_mas_arm.o)
 .ARM.attributes
                0x00000308       0x16 d:/Apps/devkitPro/libgba/lib\libmm.a(mm_mas.o)
 .ARM.attributes
                0x0000031e       0x14 d:/Apps/devkitPro/libgba/lib\libmm.a(mm_init_default.o)
 .ARM.attributes
                0x00000332       0x16 d:/Apps/devkitPro/libgba/lib\libmm.a(mm_mixer_gba.o)
 .ARM.attributes
                0x00000348       0x16 d:/apps/devkitpro/devkitarm/bin/../lib/gcc/arm-none-eabi/5.3.0/thumb\libgcc.a(_call_via_rX.o)
 .ARM.attributes
                0x0000035e       0x18 d:/apps/devkitpro/devkitarm/bin/../lib/gcc/arm-none-eabi/5.3.0/thumb\libgcc.a(_arm_addsubsf3.o)
 .ARM.attributes
                0x00000376       0x18 d:/apps/devkitpro/devkitarm/bin/../lib/gcc/arm-none-eabi/5.3.0/thumb\libgcc.a(_arm_muldivsf3.o)
 .ARM.attributes
                0x0000038e       0x18 d:/apps/devkitpro/devkitarm/bin/../lib/gcc/arm-none-eabi/5.3.0/thumb\libgcc.a(_arm_fixsfsi.o)
 .ARM.attributes
                0x000003a6       0x30 d:/apps/devkitpro/devkitarm/bin/../lib/gcc/arm-none-eabi/5.3.0/../../../../arm-none-eabi/lib/thumb\libg.a(lib_a-impure.o)
 .ARM.attributes
                0x000003d6       0x30 d:/apps/devkitpro/devkitarm/bin/../lib/gcc/arm-none-eabi/5.3.0/../../../../arm-none-eabi/lib/thumb\libg.a(lib_a-init.o)
 .ARM.attributes
                0x00000406       0x30 d:/apps/devkitpro/devkitarm/bin/../lib/gcc/arm-none-eabi/5.3.0/../../../../arm-none-eabi/lib/thumb\libg.a(lib_a-iprintf.o)
 .ARM.attributes
                0x00000436       0x30 d:/apps/devkitpro/devkitarm/bin/../lib/gcc/arm-none-eabi/5.3.0/../../../../arm-none-eabi/lib/thumb\libg.a(lib_a-malloc.o)
 .ARM.attributes
                0x00000466       0x30 d:/apps/devkitpro/devkitarm/bin/../lib/gcc/arm-none-eabi/5.3.0/../../../../arm-none-eabi/lib/thumb\libg.a(lib_a-mallocr.o)
 .ARM.attributes
                0x00000496       0x30 d:/apps/devkitpro/devkitarm/bin/../lib/gcc/arm-none-eabi/5.3.0/../../../../arm-none-eabi/lib/thumb\libg.a(lib_a-memcpy.o)
 .ARM.attributes
                0x000004c6       0x30 d:/apps/devkitpro/devkitarm/bin/../lib/gcc/arm-none-eabi/5.3.0/../../../../arm-none-eabi/lib/thumb\libg.a(lib_a-mlock.o)
 .ARM.attributes
                0x000004f6       0x30 d:/apps/devkitpro/devkitarm/bin/../lib/gcc/arm-none-eabi/5.3.0/../../../../arm-none-eabi/lib/thumb\libg.a(lib_a-setvbuf.o)
 .ARM.attributes
                0x00000526       0x30 d:/apps/devkitpro/devkitarm/bin/../lib/gcc/arm-none-eabi/5.3.0/../../../../arm-none-eabi/lib/thumb\libg.a(lib_a-siscanf.o)
 .ARM.attributes
                0x00000556       0x30 d:/apps/devkitpro/devkitarm/bin/../lib/gcc/arm-none-eabi/5.3.0/../../../../arm-none-eabi/lib/thumb\libg.a(lib_a-stdio.o)
 .ARM.attributes
                0x00000586       0x30 d:/apps/devkitpro/devkitarm/bin/../lib/gcc/arm-none-eabi/5.3.0/../../../../arm-none-eabi/lib/thumb\libg.a(lib_a-strlen.o)
 .ARM.attributes
                0x000005b6       0x30 d:/apps/devkitpro/devkitarm/bin/../lib/gcc/arm-none-eabi/5.3.0/../../../../arm-none-eabi/lib/thumb\libg.a(lib_a-svfiscanf.o)
 .ARM.attributes
                0x000005e6       0x30 d:/apps/devkitpro/devkitarm/bin/../lib/gcc/arm-none-eabi/5.3.0/../../../../arm-none-eabi/lib/thumb\libg.a(lib_a-ungetc.o)
 .ARM.attributes
                0x00000616       0x30 d:/apps/devkitpro/devkitarm/bin/../lib/gcc/arm-none-eabi/5.3.0/../../../../arm-none-eabi/lib/thumb\libg.a(lib_a-vfiprintf.o)
 .ARM.attributes
                0x00000646       0x30 d:/apps/devkitpro/devkitarm/bin/../lib/gcc/arm-none-eabi/5.3.0/../../../../arm-none-eabi/lib/thumb\libg.a(lib_a-wcrtomb.o)
 .ARM.attributes
                0x00000676       0x30 d:/apps/devkitpro/devkitarm/bin/../lib/gcc/arm-none-eabi/5.3.0/../../../../arm-none-eabi/lib/thumb\libg.a(lib_a-wcsrtombs.o)
 .ARM.attributes
                0x000006a6       0x30 d:/apps/devkitpro/devkitarm/bin/../lib/gcc/arm-none-eabi/5.3.0/../../../../arm-none-eabi/lib/thumb\libg.a(lib_a-wctomb_r.o)
 .ARM.attributes
                0x000006d6       0x30 d:/apps/devkitpro/devkitarm/bin/../lib/gcc/arm-none-eabi/5.3.0/../../../../arm-none-eabi/lib/thumb\libg.a(lib_a-wsetup.o)
 .ARM.attributes
                0x00000706       0x30 d:/apps/devkitpro/devkitarm/bin/../lib/gcc/arm-none-eabi/5.3.0/../../../../arm-none-eabi/lib/thumb\libg.a(lib_a-ctype_.o)
 .ARM.attributes
                0x00000736       0x30 d:/apps/devkitpro/devkitarm/bin/../lib/gcc/arm-none-eabi/5.3.0/../../../../arm-none-eabi/lib/thumb\libg.a(lib_a-fflush.o)
 .ARM.attributes
                0x00000766       0x30 d:/apps/devkitpro/devkitarm/bin/../lib/gcc/arm-none-eabi/5.3.0/../../../../arm-none-eabi/lib/thumb\libg.a(lib_a-findfp.o)
 .ARM.attributes
                0x00000796       0x30 d:/apps/devkitpro/devkitarm/bin/../lib/gcc/arm-none-eabi/5.3.0/../../../../arm-none-eabi/lib/thumb\libg.a(lib_a-fputwc.o)
 .ARM.attributes
                0x000007c6       0x30 d:/apps/devkitpro/devkitarm/bin/../lib/gcc/arm-none-eabi/5.3.0/../../../../arm-none-eabi/lib/thumb\libg.a(lib_a-freer.o)
 .ARM.attributes
                0x000007f6       0x30 d:/apps/devkitpro/devkitarm/bin/../lib/gcc/arm-none-eabi/5.3.0/../../../../arm-none-eabi/lib/thumb\libg.a(lib_a-fvwrite.o)
 .ARM.attributes
                0x00000826       0x30 d:/apps/devkitpro/devkitarm/bin/../lib/gcc/arm-none-eabi/5.3.0/../../../../arm-none-eabi/lib/thumb\libg.a(lib_a-fwalk.o)
 .ARM.attributes
                0x00000856       0x30 d:/apps/devkitpro/devkitarm/bin/../lib/gcc/arm-none-eabi/5.3.0/../../../../arm-none-eabi/lib/thumb\libg.a(lib_a-iswspace.o)
 .ARM.attributes
                0x00000886       0x30 d:/apps/devkitpro/devkitarm/bin/../lib/gcc/arm-none-eabi/5.3.0/../../../../arm-none-eabi/lib/thumb\libg.a(lib_a-jp2uc.o)
 .ARM.attributes
                0x000008b6       0x30 d:/apps/devkitpro/devkitarm/bin/../lib/gcc/arm-none-eabi/5.3.0/../../../../arm-none-eabi/lib/thumb\libg.a(lib_a-locale.o)
 .ARM.attributes
                0x000008e6       0x30 d:/apps/devkitpro/devkitarm/bin/../lib/gcc/arm-none-eabi/5.3.0/../../../../arm-none-eabi/lib/thumb\libg.a(lib_a-makebuf.o)
 .ARM.attributes
                0x00000916       0x30 d:/apps/devkitpro/devkitarm/bin/../lib/gcc/arm-none-eabi/5.3.0/../../../../arm-none-eabi/lib/thumb\libg.a(lib_a-mbrtowc.o)
 .ARM.attributes
                0x00000946       0x30 d:/apps/devkitpro/devkitarm/bin/../lib/gcc/arm-none-eabi/5.3.0/../../../../arm-none-eabi/lib/thumb\libg.a(lib_a-mbtowc_r.o)
 .ARM.attributes
                0x00000976       0x30 d:/apps/devkitpro/devkitarm/bin/../lib/gcc/arm-none-eabi/5.3.0/../../../../arm-none-eabi/lib/thumb\libg.a(lib_a-memchr.o)
 .ARM.attributes
                0x000009a6       0x30 d:/apps/devkitpro/devkitarm/bin/../lib/gcc/arm-none-eabi/5.3.0/../../../../arm-none-eabi/lib/thumb\libg.a(lib_a-memmove.o)
 .ARM.attributes
                0x000009d6       0x30 d:/apps/devkitpro/devkitarm/bin/../lib/gcc/arm-none-eabi/5.3.0/../../../../arm-none-eabi/lib/thumb\libg.a(lib_a-memset.o)
 .ARM.attributes
                0x00000a06       0x30 d:/apps/devkitpro/devkitarm/bin/../lib/gcc/arm-none-eabi/5.3.0/../../../../arm-none-eabi/lib/thumb\libg.a(lib_a-reallocr.o)
 .ARM.attributes
                0x00000a36       0x30 d:/apps/devkitpro/devkitarm/bin/../lib/gcc/arm-none-eabi/5.3.0/../../../../arm-none-eabi/lib/thumb\libg.a(lib_a-sccl.o)
 .ARM.attributes
                0x00000a66       0x30 d:/apps/devkitpro/devkitarm/bin/../lib/gcc/arm-none-eabi/5.3.0/../../../../arm-none-eabi/lib/thumb\libg.a(lib_a-strcasecmp.o)
 .ARM.attributes
                0x00000a96       0x30 d:/apps/devkitpro/devkitarm/bin/../lib/gcc/arm-none-eabi/5.3.0/../../../../arm-none-eabi/lib/thumb\libg.a(lib_a-strcat.o)
 .ARM.attributes
                0x00000ac6       0x30 d:/apps/devkitpro/devkitarm/bin/../lib/gcc/arm-none-eabi/5.3.0/../../../../arm-none-eabi/lib/thumb\libg.a(lib_a-strchr.o)
 .ARM.attributes
                0x00000af6       0x16 d:/apps/devkitpro/devkitarm/bin/../lib/gcc/arm-none-eabi/5.3.0/../../../../arm-none-eabi/lib/thumb\libg.a(lib_a-strcmp.o)
 .ARM.attributes
                0x00000b0c       0x30 d:/apps/devkitpro/devkitarm/bin/../lib/gcc/arm-none-eabi/5.3.0/../../../../arm-none-eabi/lib/thumb\libg.a(lib_a-strcpy.o)
 .ARM.attributes
                0x00000b3c       0x30 d:/apps/devkitpro/devkitarm/bin/../lib/gcc/arm-none-eabi/5.3.0/../../../../arm-none-eabi/lib/thumb\libg.a(lib_a-strlcpy.o)
 .ARM.attributes
                0x00000b6c       0x30 d:/apps/devkitpro/devkitarm/bin/../lib/gcc/arm-none-eabi/5.3.0/../../../../arm-none-eabi/lib/thumb\libg.a(lib_a-strncasecmp.o)
 .ARM.attributes
                0x00000b9c       0x30 d:/apps/devkitpro/devkitarm/bin/../lib/gcc/arm-none-eabi/5.3.0/../../../../arm-none-eabi/lib/thumb\libg.a(lib_a-strncmp.o)
 .ARM.attributes
                0x00000bcc       0x30 d:/apps/devkitpro/devkitarm/bin/../lib/gcc/arm-none-eabi/5.3.0/../../../../arm-none-eabi/lib/thumb\libg.a(lib_a-strncpy.o)
 .ARM.attributes
                0x00000bfc       0x30 d:/apps/devkitpro/devkitarm/bin/../lib/gcc/arm-none-eabi/5.3.0/../../../../arm-none-eabi/lib/thumb\libg.a(lib_a-strtoll_r.o)
 .ARM.attributes
                0x00000c2c       0x30 d:/apps/devkitpro/devkitarm/bin/../lib/gcc/arm-none-eabi/5.3.0/../../../../arm-none-eabi/lib/thumb\libg.a(lib_a-strtol.o)
 .ARM.attributes
                0x00000c5c       0x30 d:/apps/devkitpro/devkitarm/bin/../lib/gcc/arm-none-eabi/5.3.0/../../../../arm-none-eabi/lib/thumb\libg.a(lib_a-strtoull_r.o)
 .ARM.attributes
                0x00000c8c       0x30 d:/apps/devkitpro/devkitarm/bin/../lib/gcc/arm-none-eabi/5.3.0/../../../../arm-none-eabi/lib/thumb\libg.a(lib_a-strtoul.o)
 .ARM.attributes
                0x00000cbc       0x30 d:/apps/devkitpro/devkitarm/bin/../lib/gcc/arm-none-eabi/5.3.0/../../../../arm-none-eabi/lib/thumb\libg.a(lib_a-svfiprintf.o)
 .ARM.attributes
                0x00000cec       0x30 d:/apps/devkitpro/devkitarm/bin/../lib/gcc/arm-none-eabi/5.3.0/../../../../arm-none-eabi/lib/thumb\libg.a(lib_a-wbuf.o)
 .ARM.attributes
                0x00000d1c       0x30 d:/apps/devkitpro/devkitarm/bin/../lib/gcc/arm-none-eabi/5.3.0/../../../../arm-none-eabi/lib/thumb\libg.a(lib_a-wcsnrtombs.o)
 .ARM.attributes
                0x00000d4c       0x30 d:/apps/devkitpro/devkitarm/bin/../lib/gcc/arm-none-eabi/5.3.0/../../../../arm-none-eabi/lib/thumb\libg.a(lib_a-fclose.o)
 .ARM.attributes
                0x00000d7c       0x30 d:/apps/devkitpro/devkitarm/bin/../lib/gcc/arm-none-eabi/5.3.0/../../../../arm-none-eabi/lib/thumb\libg.a(lib_a-getenv_r.o)
 .ARM.attributes
                0x00000dac       0x30 d:/apps/devkitpro/devkitarm/bin/../lib/gcc/arm-none-eabi/5.3.0/../../../../arm-none-eabi/lib/thumb\libg.a(lib_a-environ.o)
 .ARM.attributes